Device: cuda (NVIDIA GeForce RTX 5050 Laptop GPU)
interaction_seed1 epoch 1: val_mse=0.006538
interaction_seed1 epoch 2: val_mse=0.006181
interaction_seed1 epoch 3: val_mse=0.006707
interaction_seed1 epoch 4: val_mse=0.006151
interaction_seed1 epoch 5: val_mse=0.005785
interaction_seed1 epoch 6: val_mse=0.005576
interaction_seed1 epoch 7: val_mse=0.005510
interaction_seed1 epoch 8: val_mse=0.005325
interaction_seed1 epoch 9: val_mse=0.005504
interaction_seed1 epoch 10: val_mse=0.004990
interaction_seed1 epoch 11: val_mse=0.005801
interaction_seed1 epoch 12: val_mse=0.004881
interaction_seed1 epoch 13: val_mse=0.004605
interaction_seed1 epoch 14: val_mse=0.005183
interaction_seed1 epoch 15: val_mse=0.004852
interaction_seed1 epoch 16: val_mse=0.003412
interaction_seed1 epoch 17: val_mse=0.003020
interaction_seed1 epoch 18: val_mse=0.002920
interaction_seed1 epoch 19: val_mse=0.002969
interaction_seed1 epoch 20: val_mse=0.002318
interaction_seed1 epoch 21: val_mse=0.002342
interaction_seed1 epoch 22: val_mse=0.002955
interaction_seed1 epoch 23: val_mse=0.002904
interaction_seed1 epoch 24: val_mse=0.002059
interaction_seed1 epoch 25: val_mse=0.002063
interaction_seed1 epoch 26: val_mse=0.002098
interaction_seed1 epoch 27: val_mse=0.002628
interaction_seed1 epoch 28: val_mse=0.002143
interaction_seed1 epoch 29: val_mse=0.002085
interaction_seed1 epoch 30: val_mse=0.001996
interaction_seed1 epoch 31: val_mse=0.002241
interaction_seed1 epoch 32: val_mse=0.002172
interaction_seed1 epoch 33: val_mse=0.002036
interaction_seed1 epoch 34: val_mse=0.002496
interaction_seed1 epoch 35: val_mse=0.002077
interaction_seed1 epoch 36: val_mse=0.001961
interaction_seed1 epoch 37: val_mse=0.001957
interaction_seed1 epoch 38: val_mse=0.001928
interaction_seed1 epoch 39: val_mse=0.001963
interaction_seed1 epoch 40: val_mse=0.001946
interaction_seed1 epoch 41: val_mse=0.002166
interaction_seed1 epoch 42: val_mse=0.002028
interaction_seed1 epoch 43: val_mse=0.001917
interaction_seed1 epoch 44: val_mse=0.002265
interaction_seed1 epoch 45: val_mse=0.002029
interaction_seed1 epoch 46: val_mse=0.001976
interaction_seed1 epoch 47: val_mse=0.001933
interaction_seed1 epoch 48: val_mse=0.002461
interaction_seed1 epoch 49: val_mse=0.002024
interaction_seed1 epoch 50: val_mse=0.001897
interaction_seed1 epoch 51: val_mse=0.001876
interaction_seed1 epoch 52: val_mse=0.002019
interaction_seed1 epoch 53: val_mse=0.001883
interaction_seed1 epoch 54: val_mse=0.002071
interaction_seed1 epoch 55: val_mse=0.001974
interaction_seed1 epoch 56: val_mse=0.002062
interaction_seed1 epoch 57: val_mse=0.001874
interaction_seed1 epoch 58: val_mse=0.001838
interaction_seed1 epoch 59: val_mse=0.001993
interaction_seed1 epoch 60: val_mse=0.001980
interaction_seed1 epoch 61: val_mse=0.002159
interaction_seed1 epoch 62: val_mse=0.001927
interaction_seed1 epoch 63: val_mse=0.001872
interaction_seed1 epoch 64: val_mse=0.001833
interaction_seed1 epoch 65: val_mse=0.002010
interaction_seed1 epoch 66: val_mse=0.001982
interaction_seed1 epoch 67: val_mse=0.001974
interaction_seed1 epoch 68: val_mse=0.001813
interaction_seed1 epoch 69: val_mse=0.002050
interaction_seed1 epoch 70: val_mse=0.001896
interaction_seed1 epoch 71: val_mse=0.002141
interaction_seed1 epoch 72: val_mse=0.001857
interaction_seed1 epoch 73: val_mse=0.001998
interaction_seed1 epoch 74: val_mse=0.002180
interaction_seed1 epoch 75: val_mse=0.002009
interaction_seed1 epoch 76: val_mse=0.002114
interaction_seed1 epoch 77: val_mse=0.001844
interaction_seed1 epoch 78: val_mse=0.001819
interaction_seed1 epoch 79: val_mse=0.001854
interaction_seed1 epoch 80: val_mse=0.001912
interaction_seed1 epoch 81: val_mse=0.001896
interaction_seed1 epoch 82: val_mse=0.001829
interaction_seed1 epoch 83: val_mse=0.001950
interaction_seed1: {'n': 934, 'mae': 0.6136340498924255, 'rmse': 0.8171323537826538, 'persistence_mae': 0.6743367843264141}
joint_seed1 epoch 1: val_mse=0.006582
joint_seed1 epoch 2: val_mse=0.006154
joint_seed1 epoch 3: val_mse=0.006735
joint_seed1 epoch 4: val_mse=0.006199
joint_seed1 epoch 5: val_mse=0.005973
joint_seed1 epoch 6: val_mse=0.005654
joint_seed1 epoch 7: val_mse=0.005383
joint_seed1 epoch 8: val_mse=0.005341
joint_seed1 epoch 9: val_mse=0.005512
joint_seed1 epoch 10: val_mse=0.005001
joint_seed1 epoch 11: val_mse=0.005970
joint_seed1 epoch 12: val_mse=0.004827
joint_seed1 epoch 13: val_mse=0.005405
joint_seed1 epoch 14: val_mse=0.005085
joint_seed1 epoch 15: val_mse=0.005422
joint_seed1 epoch 16: val_mse=0.004714
joint_seed1 epoch 17: val_mse=0.003959
joint_seed1 epoch 18: val_mse=0.003463
joint_seed1 epoch 19: val_mse=0.003341
joint_seed1 epoch 20: val_mse=0.002917
joint_seed1 epoch 21: val_mse=0.002557
joint_seed1 epoch 22: val_mse=0.003034
joint_seed1 epoch 23: val_mse=0.002609
joint_seed1 epoch 24: val_mse=0.002091
joint_seed1 epoch 25: val_mse=0.002052
joint_seed1 epoch 26: val_mse=0.002414
joint_seed1 epoch 27: val_mse=0.002475
joint_seed1 epoch 28: val_mse=0.002031
joint_seed1 epoch 29: val_mse=0.001962
joint_seed1 epoch 30: val_mse=0.001952
joint_seed1 epoch 31: val_mse=0.002240
joint_seed1 epoch 32: val_mse=0.002163
joint_seed1 epoch 33: val_mse=0.001994
joint_seed1 epoch 34: val_mse=0.002100
joint_seed1 epoch 35: val_mse=0.002125
joint_seed1 epoch 36: val_mse=0.001936
joint_seed1 epoch 37: val_mse=0.001985
joint_seed1 epoch 38: val_mse=0.001923
joint_seed1 epoch 39: val_mse=0.001865
joint_seed1 epoch 40: val_mse=0.001913
joint_seed1 epoch 41: val_mse=0.002175
joint_seed1 epoch 42: val_mse=0.001865
joint_seed1 epoch 43: val_mse=0.001834
joint_seed1 epoch 44: val_mse=0.002278
joint_seed1 epoch 45: val_mse=0.001948
joint_seed1 epoch 46: val_mse=0.001838
joint_seed1 epoch 47: val_mse=0.001819
joint_seed1 epoch 48: val_mse=0.002093
joint_seed1 epoch 49: val_mse=0.001903
joint_seed1 epoch 50: val_mse=0.001858
joint_seed1 epoch 51: val_mse=0.001857
joint_seed1 epoch 52: val_mse=0.001901
joint_seed1 epoch 53: val_mse=0.001907
joint_seed1 epoch 54: val_mse=0.001935
joint_seed1 epoch 55: val_mse=0.001898
joint_seed1 epoch 56: val_mse=0.001932
joint_seed1 epoch 57: val_mse=0.001828
joint_seed1 epoch 58: val_mse=0.001806
joint_seed1 epoch 59: val_mse=0.001921
joint_seed1 epoch 60: val_mse=0.001749
joint_seed1 epoch 61: val_mse=0.001882
joint_seed1 epoch 62: val_mse=0.001841
joint_seed1 epoch 63: val_mse=0.001816
joint_seed1 epoch 64: val_mse=0.001861
joint_seed1 epoch 65: val_mse=0.001767
joint_seed1 epoch 66: val_mse=0.001853
joint_seed1 epoch 67: val_mse=0.001874
joint_seed1 epoch 68: val_mse=0.001789
joint_seed1 epoch 69: val_mse=0.001820
joint_seed1 epoch 70: val_mse=0.001789
joint_seed1 epoch 71: val_mse=0.001841
joint_seed1 epoch 72: val_mse=0.001796
joint_seed1 epoch 73: val_mse=0.001834
joint_seed1 epoch 74: val_mse=0.002052
joint_seed1 epoch 75: val_mse=0.001899
joint_seed1: {'n': 934, 'mae': 0.620087206363678, 'rmse': 0.8197098970413208, 'persistence_mae': 0.6743367843264141}
scaled_average_seed1 epoch 1: val_mse=0.006538
scaled_average_seed1 epoch 2: val_mse=0.006181
scaled_average_seed1 epoch 3: val_mse=0.006707
scaled_average_seed1 epoch 4: val_mse=0.006151
scaled_average_seed1 epoch 5: val_mse=0.005785
scaled_average_seed1 epoch 6: val_mse=0.005576
scaled_average_seed1 epoch 7: val_mse=0.005505
scaled_average_seed1 epoch 8: val_mse=0.005334
scaled_average_seed1 epoch 9: val_mse=0.005492
scaled_average_seed1 epoch 10: val_mse=0.005004
scaled_average_seed1 epoch 11: val_mse=0.005884
scaled_average_seed1 epoch 12: val_mse=0.004836
scaled_average_seed1 epoch 13: val_mse=0.005031
scaled_average_seed1 epoch 14: val_mse=0.005352
scaled_average_seed1 epoch 15: val_mse=0.005042
scaled_average_seed1 epoch 16: val_mse=0.004199
scaled_average_seed1 epoch 17: val_mse=0.003372
scaled_average_seed1 epoch 18: val_mse=0.003262
scaled_average_seed1 epoch 19: val_mse=0.003561
scaled_average_seed1 epoch 20: val_mse=0.002601
scaled_average_seed1 epoch 21: val_mse=0.002552
scaled_average_seed1 epoch 22: val_mse=0.003363
scaled_average_seed1 epoch 23: val_mse=0.002942
scaled_average_seed1 epoch 24: val_mse=0.002330
scaled_average_seed1 epoch 25: val_mse=0.002251
scaled_average_seed1 epoch 26: val_mse=0.002262
scaled_average_seed1 epoch 27: val_mse=0.002505
scaled_average_seed1 epoch 28: val_mse=0.002270
scaled_average_seed1 epoch 29: val_mse=0.002075
scaled_average_seed1 epoch 30: val_mse=0.002152
scaled_average_seed1 epoch 31: val_mse=0.002192
scaled_average_seed1 epoch 32: val_mse=0.002212
scaled_average_seed1 epoch 33: val_mse=0.002028
scaled_average_seed1 epoch 34: val_mse=0.002360
scaled_average_seed1 epoch 35: val_mse=0.001966
scaled_average_seed1 epoch 36: val_mse=0.002017
scaled_average_seed1 epoch 37: val_mse=0.001997
scaled_average_seed1 epoch 38: val_mse=0.002053
scaled_average_seed1 epoch 39: val_mse=0.001966
scaled_average_seed1 epoch 40: val_mse=0.002004
scaled_average_seed1 epoch 41: val_mse=0.002455
scaled_average_seed1 epoch 42: val_mse=0.001925
scaled_average_seed1 epoch 43: val_mse=0.001926
scaled_average_seed1 epoch 44: val_mse=0.002108
scaled_average_seed1 epoch 45: val_mse=0.002011
scaled_average_seed1 epoch 46: val_mse=0.001914
scaled_average_seed1 epoch 47: val_mse=0.001914
scaled_average_seed1 epoch 48: val_mse=0.002338
scaled_average_seed1 epoch 49: val_mse=0.001963
scaled_average_seed1 epoch 50: val_mse=0.001907
scaled_average_seed1 epoch 51: val_mse=0.001939
scaled_average_seed1 epoch 52: val_mse=0.001985
scaled_average_seed1 epoch 53: val_mse=0.001967
scaled_average_seed1 epoch 54: val_mse=0.002048
scaled_average_seed1 epoch 55: val_mse=0.002017
scaled_average_seed1 epoch 56: val_mse=0.002070
scaled_average_seed1 epoch 57: val_mse=0.001997
scaled_average_seed1 epoch 58: val_mse=0.001848
scaled_average_seed1 epoch 59: val_mse=0.002045
scaled_average_seed1 epoch 60: val_mse=0.001870
scaled_average_seed1 epoch 61: val_mse=0.002169
scaled_average_seed1 epoch 62: val_mse=0.001979
scaled_average_seed1 epoch 63: val_mse=0.001889
scaled_average_seed1 epoch 64: val_mse=0.001875
scaled_average_seed1 epoch 65: val_mse=0.001890
scaled_average_seed1 epoch 66: val_mse=0.002015
scaled_average_seed1 epoch 67: val_mse=0.001957
scaled_average_seed1 epoch 68: val_mse=0.001841
scaled_average_seed1 epoch 69: val_mse=0.001901
scaled_average_seed1 epoch 70: val_mse=0.001834
scaled_average_seed1 epoch 71: val_mse=0.002087
scaled_average_seed1 epoch 72: val_mse=0.001888
scaled_average_seed1 epoch 73: val_mse=0.001896
scaled_average_seed1 epoch 74: val_mse=0.001923
scaled_average_seed1 epoch 75: val_mse=0.001959
scaled_average_seed1 epoch 76: val_mse=0.001865
scaled_average_seed1 epoch 77: val_mse=0.001810
scaled_average_seed1 epoch 78: val_mse=0.001896
scaled_average_seed1 epoch 79: val_mse=0.001896
scaled_average_seed1 epoch 80: val_mse=0.001949
scaled_average_seed1 epoch 81: val_mse=0.001855
scaled_average_seed1 epoch 82: val_mse=0.001842
scaled_average_seed1 epoch 83: val_mse=0.001985
scaled_average_seed1 epoch 84: val_mse=0.001890
scaled_average_seed1 epoch 85: val_mse=0.001854
scaled_average_seed1 epoch 86: val_mse=0.001846
scaled_average_seed1 epoch 87: val_mse=0.001845
scaled_average_seed1 epoch 88: val_mse=0.002003
scaled_average_seed1 epoch 89: val_mse=0.001860
scaled_average_seed1 epoch 90: val_mse=0.001839
scaled_average_seed1 epoch 91: val_mse=0.001865
scaled_average_seed1 epoch 92: val_mse=0.001901
scaled_average_seed1: {'n': 934, 'mae': 0.6176965832710266, 'rmse': 0.8188289999961853, 'persistence_mae': 0.6743367843264141}
scaled_global_seed1 epoch 1: val_mse=0.006538
scaled_global_seed1 epoch 2: val_mse=0.006178
scaled_global_seed1 epoch 3: val_mse=0.006701
scaled_global_seed1 epoch 4: val_mse=0.006178
scaled_global_seed1 epoch 5: val_mse=0.005763
scaled_global_seed1 epoch 6: val_mse=0.005571
scaled_global_seed1 epoch 7: val_mse=0.005485
scaled_global_seed1 epoch 8: val_mse=0.005337
scaled_global_seed1 epoch 9: val_mse=0.005485
scaled_global_seed1 epoch 10: val_mse=0.005005
scaled_global_seed1 epoch 11: val_mse=0.005820
scaled_global_seed1 epoch 12: val_mse=0.005102
scaled_global_seed1 epoch 13: val_mse=0.005135
scaled_global_seed1 epoch 14: val_mse=0.005397
scaled_global_seed1 epoch 15: val_mse=0.004754
scaled_global_seed1 epoch 16: val_mse=0.003933
scaled_global_seed1 epoch 17: val_mse=0.003406
scaled_global_seed1 epoch 18: val_mse=0.003040
scaled_global_seed1 epoch 19: val_mse=0.003184
scaled_global_seed1 epoch 20: val_mse=0.002485
scaled_global_seed1 epoch 21: val_mse=0.002626
scaled_global_seed1 epoch 22: val_mse=0.003256
scaled_global_seed1 epoch 23: val_mse=0.002505
scaled_global_seed1 epoch 24: val_mse=0.002255
scaled_global_seed1 epoch 25: val_mse=0.002172
scaled_global_seed1 epoch 26: val_mse=0.002207
scaled_global_seed1 epoch 27: val_mse=0.002536
scaled_global_seed1 epoch 28: val_mse=0.002229
scaled_global_seed1 epoch 29: val_mse=0.002029
scaled_global_seed1 epoch 30: val_mse=0.002054
scaled_global_seed1 epoch 31: val_mse=0.002228
scaled_global_seed1 epoch 32: val_mse=0.002191
scaled_global_seed1 epoch 33: val_mse=0.001980
scaled_global_seed1 epoch 34: val_mse=0.002259
scaled_global_seed1 epoch 35: val_mse=0.002108
scaled_global_seed1 epoch 36: val_mse=0.002065
scaled_global_seed1 epoch 37: val_mse=0.001971
scaled_global_seed1 epoch 38: val_mse=0.001935
scaled_global_seed1 epoch 39: val_mse=0.001949
scaled_global_seed1 epoch 40: val_mse=0.001975
scaled_global_seed1 epoch 41: val_mse=0.002305
scaled_global_seed1 epoch 42: val_mse=0.002016
scaled_global_seed1 epoch 43: val_mse=0.001896
scaled_global_seed1 epoch 44: val_mse=0.002172
scaled_global_seed1 epoch 45: val_mse=0.002041
scaled_global_seed1 epoch 46: val_mse=0.001920
scaled_global_seed1 epoch 47: val_mse=0.001899
scaled_global_seed1 epoch 48: val_mse=0.002395
scaled_global_seed1 epoch 49: val_mse=0.001943
scaled_global_seed1 epoch 50: val_mse=0.001886
scaled_global_seed1 epoch 51: val_mse=0.001907
scaled_global_seed1 epoch 52: val_mse=0.001912
scaled_global_seed1 epoch 53: val_mse=0.001865
scaled_global_seed1 epoch 54: val_mse=0.002086
scaled_global_seed1 epoch 55: val_mse=0.002082
scaled_global_seed1 epoch 56: val_mse=0.002067
scaled_global_seed1 epoch 57: val_mse=0.001883
scaled_global_seed1 epoch 58: val_mse=0.001809
scaled_global_seed1 epoch 59: val_mse=0.001979
scaled_global_seed1 epoch 60: val_mse=0.001869
scaled_global_seed1 epoch 61: val_mse=0.002145
scaled_global_seed1 epoch 62: val_mse=0.001920
scaled_global_seed1 epoch 63: val_mse=0.001878
scaled_global_seed1 epoch 64: val_mse=0.001877
scaled_global_seed1 epoch 65: val_mse=0.001895
scaled_global_seed1 epoch 66: val_mse=0.001985
scaled_global_seed1 epoch 67: val_mse=0.001952
scaled_global_seed1 epoch 68: val_mse=0.001841
scaled_global_seed1 epoch 69: val_mse=0.001905
scaled_global_seed1 epoch 70: val_mse=0.001831
scaled_global_seed1 epoch 71: val_mse=0.002116
scaled_global_seed1 epoch 72: val_mse=0.001847
scaled_global_seed1 epoch 73: val_mse=0.001850
scaled_global_seed1: {'n': 934, 'mae': 0.6134069561958313, 'rmse': 0.8181870579719543, 'persistence_mae': 0.6743367843264141}
scaled_seasonal_seed1 epoch 1: val_mse=0.006549
scaled_seasonal_seed1 epoch 2: val_mse=0.006194
scaled_seasonal_seed1 epoch 3: val_mse=0.006709
scaled_seasonal_seed1 epoch 4: val_mse=0.006206
scaled_seasonal_seed1 epoch 5: val_mse=0.005912
scaled_seasonal_seed1 epoch 6: val_mse=0.005665
scaled_seasonal_seed1 epoch 7: val_mse=0.005452
scaled_seasonal_seed1 epoch 8: val_mse=0.005350
scaled_seasonal_seed1 epoch 9: val_mse=0.005463
scaled_seasonal_seed1 epoch 10: val_mse=0.004976
scaled_seasonal_seed1 epoch 11: val_mse=0.005887
scaled_seasonal_seed1 epoch 12: val_mse=0.004739
scaled_seasonal_seed1 epoch 13: val_mse=0.005454
scaled_seasonal_seed1 epoch 14: val_mse=0.005013
scaled_seasonal_seed1 epoch 15: val_mse=0.004875
scaled_seasonal_seed1 epoch 16: val_mse=0.003910
scaled_seasonal_seed1 epoch 17: val_mse=0.003550
scaled_seasonal_seed1 epoch 18: val_mse=0.003154
scaled_seasonal_seed1 epoch 19: val_mse=0.002919
scaled_seasonal_seed1 epoch 20: val_mse=0.002429
scaled_seasonal_seed1 epoch 21: val_mse=0.002602
scaled_seasonal_seed1 epoch 22: val_mse=0.003155
scaled_seasonal_seed1 epoch 23: val_mse=0.002634
scaled_seasonal_seed1 epoch 24: val_mse=0.002221
scaled_seasonal_seed1 epoch 25: val_mse=0.002186
scaled_seasonal_seed1 epoch 26: val_mse=0.002129
scaled_seasonal_seed1 epoch 27: val_mse=0.002569
scaled_seasonal_seed1 epoch 28: val_mse=0.002207
scaled_seasonal_seed1 epoch 29: val_mse=0.002014
scaled_seasonal_seed1 epoch 30: val_mse=0.001988
scaled_seasonal_seed1 epoch 31: val_mse=0.002114
scaled_seasonal_seed1 epoch 32: val_mse=0.002131
scaled_seasonal_seed1 epoch 33: val_mse=0.001992
scaled_seasonal_seed1 epoch 34: val_mse=0.002016
scaled_seasonal_seed1 epoch 35: val_mse=0.002012
scaled_seasonal_seed1 epoch 36: val_mse=0.001980
scaled_seasonal_seed1 epoch 37: val_mse=0.001984
scaled_seasonal_seed1 epoch 38: val_mse=0.002015
scaled_seasonal_seed1 epoch 39: val_mse=0.001888
scaled_seasonal_seed1 epoch 40: val_mse=0.001950
scaled_seasonal_seed1 epoch 41: val_mse=0.002064
scaled_seasonal_seed1 epoch 42: val_mse=0.001889
scaled_seasonal_seed1 epoch 43: val_mse=0.001865
scaled_seasonal_seed1 epoch 44: val_mse=0.002228
scaled_seasonal_seed1 epoch 45: val_mse=0.002017
scaled_seasonal_seed1 epoch 46: val_mse=0.001940
scaled_seasonal_seed1 epoch 47: val_mse=0.001892
scaled_seasonal_seed1 epoch 48: val_mse=0.002391
scaled_seasonal_seed1 epoch 49: val_mse=0.002091
scaled_seasonal_seed1 epoch 50: val_mse=0.001880
scaled_seasonal_seed1 epoch 51: val_mse=0.001904
scaled_seasonal_seed1 epoch 52: val_mse=0.001859
scaled_seasonal_seed1 epoch 53: val_mse=0.001907
scaled_seasonal_seed1 epoch 54: val_mse=0.001906
scaled_seasonal_seed1 epoch 55: val_mse=0.001970
scaled_seasonal_seed1 epoch 56: val_mse=0.001996
scaled_seasonal_seed1 epoch 57: val_mse=0.001876
scaled_seasonal_seed1 epoch 58: val_mse=0.001833
scaled_seasonal_seed1 epoch 59: val_mse=0.001915
scaled_seasonal_seed1 epoch 60: val_mse=0.001816
scaled_seasonal_seed1 epoch 61: val_mse=0.001902
scaled_seasonal_seed1 epoch 62: val_mse=0.001970
scaled_seasonal_seed1 epoch 63: val_mse=0.001841
scaled_seasonal_seed1 epoch 64: val_mse=0.001852
scaled_seasonal_seed1 epoch 65: val_mse=0.001805
scaled_seasonal_seed1 epoch 66: val_mse=0.001894
scaled_seasonal_seed1 epoch 67: val_mse=0.001878
scaled_seasonal_seed1 epoch 68: val_mse=0.001831
scaled_seasonal_seed1 epoch 69: val_mse=0.001874
scaled_seasonal_seed1 epoch 70: val_mse=0.001860
scaled_seasonal_seed1 epoch 71: val_mse=0.002093
scaled_seasonal_seed1 epoch 72: val_mse=0.001873
scaled_seasonal_seed1 epoch 73: val_mse=0.001918
scaled_seasonal_seed1 epoch 74: val_mse=0.002033
scaled_seasonal_seed1 epoch 75: val_mse=0.001925
scaled_seasonal_seed1 epoch 76: val_mse=0.001872
scaled_seasonal_seed1 epoch 77: val_mse=0.001846
scaled_seasonal_seed1 epoch 78: val_mse=0.001854
scaled_seasonal_seed1 epoch 79: val_mse=0.001811
scaled_seasonal_seed1 epoch 80: val_mse=0.001973
scaled_seasonal_seed1: {'n': 934, 'mae': 0.6164844632148743, 'rmse': 0.8132861852645874, 'persistence_mae': 0.6743367843264141}
interaction_seed2 epoch 1: val_mse=0.013032
interaction_seed2 epoch 2: val_mse=0.007983
interaction_seed2 epoch 3: val_mse=0.005973
interaction_seed2 epoch 4: val_mse=0.006247
interaction_seed2 epoch 5: val_mse=0.006466
interaction_seed2 epoch 6: val_mse=0.006448
interaction_seed2 epoch 7: val_mse=0.006146
interaction_seed2 epoch 8: val_mse=0.005686
interaction_seed2 epoch 9: val_mse=0.005174
interaction_seed2 epoch 10: val_mse=0.005777
interaction_seed2 epoch 11: val_mse=0.006192
interaction_seed2 epoch 12: val_mse=0.005403
interaction_seed2 epoch 13: val_mse=0.005023
interaction_seed2 epoch 14: val_mse=0.004773
interaction_seed2 epoch 15: val_mse=0.005182
interaction_seed2 epoch 16: val_mse=0.005321
interaction_seed2 epoch 17: val_mse=0.004799
interaction_seed2 epoch 18: val_mse=0.004663
interaction_seed2 epoch 19: val_mse=0.005003
interaction_seed2 epoch 20: val_mse=0.004001
interaction_seed2 epoch 21: val_mse=0.004604
interaction_seed2 epoch 22: val_mse=0.004098
interaction_seed2 epoch 23: val_mse=0.003219
interaction_seed2 epoch 24: val_mse=0.002919
interaction_seed2 epoch 25: val_mse=0.003944
interaction_seed2 epoch 26: val_mse=0.002870
interaction_seed2 epoch 27: val_mse=0.002653
interaction_seed2 epoch 28: val_mse=0.002586
interaction_seed2 epoch 29: val_mse=0.002481
interaction_seed2 epoch 30: val_mse=0.002255
interaction_seed2 epoch 31: val_mse=0.002078
interaction_seed2 epoch 32: val_mse=0.002447
interaction_seed2 epoch 33: val_mse=0.002067
interaction_seed2 epoch 34: val_mse=0.002249
interaction_seed2 epoch 35: val_mse=0.002369
interaction_seed2 epoch 36: val_mse=0.002019
interaction_seed2 epoch 37: val_mse=0.002346
interaction_seed2 epoch 38: val_mse=0.002235
interaction_seed2 epoch 39: val_mse=0.002077
interaction_seed2 epoch 40: val_mse=0.002099
interaction_seed2 epoch 41: val_mse=0.002006
interaction_seed2 epoch 42: val_mse=0.002045
interaction_seed2 epoch 43: val_mse=0.001987
interaction_seed2 epoch 44: val_mse=0.002191
interaction_seed2 epoch 45: val_mse=0.002061
interaction_seed2 epoch 46: val_mse=0.001892
interaction_seed2 epoch 47: val_mse=0.001939
interaction_seed2 epoch 48: val_mse=0.002173
interaction_seed2 epoch 49: val_mse=0.001938
interaction_seed2 epoch 50: val_mse=0.002039
interaction_seed2 epoch 51: val_mse=0.001914
interaction_seed2 epoch 52: val_mse=0.001926
interaction_seed2 epoch 53: val_mse=0.002025
interaction_seed2 epoch 54: val_mse=0.001933
interaction_seed2 epoch 55: val_mse=0.001881
interaction_seed2 epoch 56: val_mse=0.001982
interaction_seed2 epoch 57: val_mse=0.001885
interaction_seed2 epoch 58: val_mse=0.002080
interaction_seed2 epoch 59: val_mse=0.001917
interaction_seed2 epoch 60: val_mse=0.001853
interaction_seed2 epoch 61: val_mse=0.001864
interaction_seed2 epoch 62: val_mse=0.001850
interaction_seed2 epoch 63: val_mse=0.001881
interaction_seed2 epoch 64: val_mse=0.001929
interaction_seed2 epoch 65: val_mse=0.001847
interaction_seed2 epoch 66: val_mse=0.002017
interaction_seed2 epoch 67: val_mse=0.001960
interaction_seed2 epoch 68: val_mse=0.001872
interaction_seed2 epoch 69: val_mse=0.001873
interaction_seed2 epoch 70: val_mse=0.001842
interaction_seed2 epoch 71: val_mse=0.001898
interaction_seed2 epoch 72: val_mse=0.001834
interaction_seed2 epoch 73: val_mse=0.001950
interaction_seed2 epoch 74: val_mse=0.002059
interaction_seed2 epoch 75: val_mse=0.001921
interaction_seed2 epoch 76: val_mse=0.001844
interaction_seed2 epoch 77: val_mse=0.001932
interaction_seed2 epoch 78: val_mse=0.001863
interaction_seed2 epoch 79: val_mse=0.001863
interaction_seed2 epoch 80: val_mse=0.001896
interaction_seed2 epoch 81: val_mse=0.001905
interaction_seed2 epoch 82: val_mse=0.001978
interaction_seed2 epoch 83: val_mse=0.001962
interaction_seed2 epoch 84: val_mse=0.001930
interaction_seed2 epoch 85: val_mse=0.001887
interaction_seed2 epoch 86: val_mse=0.001878
interaction_seed2 epoch 87: val_mse=0.001893
interaction_seed2: {'n': 934, 'mae': 0.61421799659729, 'rmse': 0.8128319382667542, 'persistence_mae': 0.6743367843264141}
joint_seed2 epoch 1: val_mse=0.011715
joint_seed2 epoch 2: val_mse=0.006670
joint_seed2 epoch 3: val_mse=0.005470
joint_seed2 epoch 4: val_mse=0.006322
joint_seed2 epoch 5: val_mse=0.006275
joint_seed2 epoch 6: val_mse=0.005893
joint_seed2 epoch 7: val_mse=0.006376
joint_seed2 epoch 8: val_mse=0.005697
joint_seed2 epoch 9: val_mse=0.005347
joint_seed2 epoch 10: val_mse=0.005699
joint_seed2 epoch 11: val_mse=0.006035
joint_seed2 epoch 12: val_mse=0.005298
joint_seed2 epoch 13: val_mse=0.004913
joint_seed2 epoch 14: val_mse=0.004845
joint_seed2 epoch 15: val_mse=0.005313
joint_seed2 epoch 16: val_mse=0.005319
joint_seed2 epoch 17: val_mse=0.005039
joint_seed2 epoch 18: val_mse=0.004597
joint_seed2 epoch 19: val_mse=0.004799
joint_seed2 epoch 20: val_mse=0.005169
joint_seed2 epoch 21: val_mse=0.004033
joint_seed2 epoch 22: val_mse=0.004345
joint_seed2 epoch 23: val_mse=0.003495
joint_seed2 epoch 24: val_mse=0.003438
joint_seed2 epoch 25: val_mse=0.004389
joint_seed2 epoch 26: val_mse=0.003042
joint_seed2 epoch 27: val_mse=0.002906
joint_seed2 epoch 28: val_mse=0.003031
joint_seed2 epoch 29: val_mse=0.002543
joint_seed2 epoch 30: val_mse=0.002241
joint_seed2 epoch 31: val_mse=0.002036
joint_seed2 epoch 32: val_mse=0.002255
joint_seed2 epoch 33: val_mse=0.002100
joint_seed2 epoch 34: val_mse=0.002183
joint_seed2 epoch 35: val_mse=0.002168
joint_seed2 epoch 36: val_mse=0.001987
joint_seed2 epoch 37: val_mse=0.001964
joint_seed2 epoch 38: val_mse=0.001952
joint_seed2 epoch 39: val_mse=0.001994
joint_seed2 epoch 40: val_mse=0.001973
joint_seed2 epoch 41: val_mse=0.002171
joint_seed2 epoch 42: val_mse=0.002093
joint_seed2 epoch 43: val_mse=0.002193
joint_seed2 epoch 44: val_mse=0.002664
joint_seed2 epoch 45: val_mse=0.002046
joint_seed2 epoch 46: val_mse=0.001844
joint_seed2 epoch 47: val_mse=0.001843
joint_seed2 epoch 48: val_mse=0.001928
joint_seed2 epoch 49: val_mse=0.001895
joint_seed2 epoch 50: val_mse=0.002084
joint_seed2 epoch 51: val_mse=0.001826
joint_seed2 epoch 52: val_mse=0.001887
joint_seed2 epoch 53: val_mse=0.002064
joint_seed2 epoch 54: val_mse=0.001943
joint_seed2 epoch 55: val_mse=0.001977
joint_seed2 epoch 56: val_mse=0.002134
joint_seed2 epoch 57: val_mse=0.001958
joint_seed2 epoch 58: val_mse=0.002158
joint_seed2 epoch 59: val_mse=0.002425
joint_seed2 epoch 60: val_mse=0.001862
joint_seed2 epoch 61: val_mse=0.001848
joint_seed2 epoch 62: val_mse=0.001878
joint_seed2 epoch 63: val_mse=0.001865
joint_seed2 epoch 64: val_mse=0.001920
joint_seed2 epoch 65: val_mse=0.001766
joint_seed2 epoch 66: val_mse=0.001971
joint_seed2 epoch 67: val_mse=0.001878
joint_seed2 epoch 68: val_mse=0.001829
joint_seed2 epoch 69: val_mse=0.001884
joint_seed2 epoch 70: val_mse=0.001813
joint_seed2 epoch 71: val_mse=0.001883
joint_seed2 epoch 72: val_mse=0.001852
joint_seed2 epoch 73: val_mse=0.001982
joint_seed2 epoch 74: val_mse=0.001886
joint_seed2 epoch 75: val_mse=0.001850
joint_seed2 epoch 76: val_mse=0.001820
joint_seed2 epoch 77: val_mse=0.001893
joint_seed2 epoch 78: val_mse=0.001856
joint_seed2 epoch 79: val_mse=0.001873
joint_seed2 epoch 80: val_mse=0.001891
joint_seed2: {'n': 934, 'mae': 0.619053840637207, 'rmse': 0.8211356401443481, 'persistence_mae': 0.6743367843264141}
scaled_average_seed2 epoch 1: val_mse=0.013032
scaled_average_seed2 epoch 2: val_mse=0.007983
scaled_average_seed2 epoch 3: val_mse=0.005974
scaled_average_seed2 epoch 4: val_mse=0.006247
scaled_average_seed2 epoch 5: val_mse=0.006467
scaled_average_seed2 epoch 6: val_mse=0.006448
scaled_average_seed2 epoch 7: val_mse=0.006147
scaled_average_seed2 epoch 8: val_mse=0.005686
scaled_average_seed2 epoch 9: val_mse=0.005174
scaled_average_seed2 epoch 10: val_mse=0.005777
scaled_average_seed2 epoch 11: val_mse=0.006197
scaled_average_seed2 epoch 12: val_mse=0.005396
scaled_average_seed2 epoch 13: val_mse=0.005003
scaled_average_seed2 epoch 14: val_mse=0.004809
scaled_average_seed2 epoch 15: val_mse=0.005088
scaled_average_seed2 epoch 16: val_mse=0.005243
scaled_average_seed2 epoch 17: val_mse=0.004887
scaled_average_seed2 epoch 18: val_mse=0.004554
scaled_average_seed2 epoch 19: val_mse=0.005087
scaled_average_seed2 epoch 20: val_mse=0.004563
scaled_average_seed2 epoch 21: val_mse=0.004331
scaled_average_seed2 epoch 22: val_mse=0.004447
scaled_average_seed2 epoch 23: val_mse=0.003934
scaled_average_seed2 epoch 24: val_mse=0.003450
scaled_average_seed2 epoch 25: val_mse=0.003802
scaled_average_seed2 epoch 26: val_mse=0.002912
scaled_average_seed2 epoch 27: val_mse=0.003052
scaled_average_seed2 epoch 28: val_mse=0.002945
scaled_average_seed2 epoch 29: val_mse=0.002576
scaled_average_seed2 epoch 30: val_mse=0.002434
scaled_average_seed2 epoch 31: val_mse=0.002329
scaled_average_seed2 epoch 32: val_mse=0.002587
scaled_average_seed2 epoch 33: val_mse=0.002252
scaled_average_seed2 epoch 34: val_mse=0.002318
scaled_average_seed2 epoch 35: val_mse=0.002321
scaled_average_seed2 epoch 36: val_mse=0.002182
scaled_average_seed2 epoch 37: val_mse=0.002335
scaled_average_seed2 epoch 38: val_mse=0.002089
scaled_average_seed2 epoch 39: val_mse=0.002053
scaled_average_seed2 epoch 40: val_mse=0.002147
scaled_average_seed2 epoch 41: val_mse=0.002146
scaled_average_seed2 epoch 42: val_mse=0.002341
scaled_average_seed2 epoch 43: val_mse=0.002038
scaled_average_seed2 epoch 44: val_mse=0.002476
scaled_average_seed2 epoch 45: val_mse=0.002164
scaled_average_seed2 epoch 46: val_mse=0.001956
scaled_average_seed2 epoch 47: val_mse=0.002094
scaled_average_seed2 epoch 48: val_mse=0.002281
scaled_average_seed2 epoch 49: val_mse=0.002095
scaled_average_seed2 epoch 50: val_mse=0.002074
scaled_average_seed2 epoch 51: val_mse=0.001914
scaled_average_seed2 epoch 52: val_mse=0.001927
scaled_average_seed2 epoch 53: val_mse=0.002078
scaled_average_seed2 epoch 54: val_mse=0.001976
scaled_average_seed2 epoch 55: val_mse=0.002085
scaled_average_seed2 epoch 56: val_mse=0.002417
scaled_average_seed2 epoch 57: val_mse=0.001957
scaled_average_seed2 epoch 58: val_mse=0.002197
scaled_average_seed2 epoch 59: val_mse=0.002717
scaled_average_seed2 epoch 60: val_mse=0.001909
scaled_average_seed2 epoch 61: val_mse=0.001912
scaled_average_seed2 epoch 62: val_mse=0.001937
scaled_average_seed2 epoch 63: val_mse=0.001960
scaled_average_seed2 epoch 64: val_mse=0.001989
scaled_average_seed2 epoch 65: val_mse=0.001864
scaled_average_seed2 epoch 66: val_mse=0.002007
scaled_average_seed2 epoch 67: val_mse=0.001949
scaled_average_seed2 epoch 68: val_mse=0.001876
scaled_average_seed2 epoch 69: val_mse=0.001894
scaled_average_seed2 epoch 70: val_mse=0.001934
scaled_average_seed2 epoch 71: val_mse=0.001905
scaled_average_seed2 epoch 72: val_mse=0.001865
scaled_average_seed2 epoch 73: val_mse=0.002005
scaled_average_seed2 epoch 74: val_mse=0.001885
scaled_average_seed2 epoch 75: val_mse=0.001900
scaled_average_seed2 epoch 76: val_mse=0.001857
scaled_average_seed2 epoch 77: val_mse=0.001909
scaled_average_seed2 epoch 78: val_mse=0.001909
scaled_average_seed2 epoch 79: val_mse=0.001851
scaled_average_seed2 epoch 80: val_mse=0.001922
scaled_average_seed2 epoch 81: val_mse=0.001886
scaled_average_seed2 epoch 82: val_mse=0.001968
scaled_average_seed2 epoch 83: val_mse=0.001932
scaled_average_seed2 epoch 84: val_mse=0.001968
scaled_average_seed2 epoch 85: val_mse=0.001887
scaled_average_seed2 epoch 86: val_mse=0.001911
scaled_average_seed2 epoch 87: val_mse=0.001931
scaled_average_seed2 epoch 88: val_mse=0.001866
scaled_average_seed2 epoch 89: val_mse=0.001892
scaled_average_seed2 epoch 90: val_mse=0.001868
scaled_average_seed2 epoch 91: val_mse=0.001858
scaled_average_seed2 epoch 92: val_mse=0.001901
scaled_average_seed2 epoch 93: val_mse=0.001936
scaled_average_seed2 epoch 94: val_mse=0.001880
scaled_average_seed2: {'n': 934, 'mae': 0.6183909773826599, 'rmse': 0.8163649439811707, 'persistence_mae': 0.6743367843264141}
scaled_global_seed2 epoch 1: val_mse=0.013042
scaled_global_seed2 epoch 2: val_mse=0.007984
scaled_global_seed2 epoch 3: val_mse=0.005973
scaled_global_seed2 epoch 4: val_mse=0.006246
scaled_global_seed2 epoch 5: val_mse=0.006470
scaled_global_seed2 epoch 6: val_mse=0.006441
scaled_global_seed2 epoch 7: val_mse=0.006083
scaled_global_seed2 epoch 8: val_mse=0.005694
scaled_global_seed2 epoch 9: val_mse=0.005167
scaled_global_seed2 epoch 10: val_mse=0.005761
scaled_global_seed2 epoch 11: val_mse=0.006099
scaled_global_seed2 epoch 12: val_mse=0.005424
scaled_global_seed2 epoch 13: val_mse=0.004998
scaled_global_seed2 epoch 14: val_mse=0.004843
scaled_global_seed2 epoch 15: val_mse=0.005069
scaled_global_seed2 epoch 16: val_mse=0.005256
scaled_global_seed2 epoch 17: val_mse=0.005048
scaled_global_seed2 epoch 18: val_mse=0.004652
scaled_global_seed2 epoch 19: val_mse=0.005295
scaled_global_seed2 epoch 20: val_mse=0.004755
scaled_global_seed2 epoch 21: val_mse=0.004376
scaled_global_seed2 epoch 22: val_mse=0.004310
scaled_global_seed2 epoch 23: val_mse=0.003771
scaled_global_seed2 epoch 24: val_mse=0.003118
scaled_global_seed2 epoch 25: val_mse=0.003874
scaled_global_seed2 epoch 26: val_mse=0.002837
scaled_global_seed2 epoch 27: val_mse=0.002826
scaled_global_seed2 epoch 28: val_mse=0.003054
scaled_global_seed2 epoch 29: val_mse=0.002592
scaled_global_seed2 epoch 30: val_mse=0.002439
scaled_global_seed2 epoch 31: val_mse=0.002230
scaled_global_seed2 epoch 32: val_mse=0.002690
scaled_global_seed2 epoch 33: val_mse=0.002175
scaled_global_seed2 epoch 34: val_mse=0.002398
scaled_global_seed2 epoch 35: val_mse=0.002382
scaled_global_seed2 epoch 36: val_mse=0.002081
scaled_global_seed2 epoch 37: val_mse=0.002365
scaled_global_seed2 epoch 38: val_mse=0.002073
scaled_global_seed2 epoch 39: val_mse=0.002101
scaled_global_seed2 epoch 40: val_mse=0.002094
scaled_global_seed2 epoch 41: val_mse=0.002084
scaled_global_seed2 epoch 42: val_mse=0.002164
scaled_global_seed2 epoch 43: val_mse=0.002160
scaled_global_seed2 epoch 44: val_mse=0.002467
scaled_global_seed2 epoch 45: val_mse=0.002103
scaled_global_seed2 epoch 46: val_mse=0.001978
scaled_global_seed2 epoch 47: val_mse=0.001972
scaled_global_seed2 epoch 48: val_mse=0.002370
scaled_global_seed2 epoch 49: val_mse=0.002019
scaled_global_seed2 epoch 50: val_mse=0.002140
scaled_global_seed2 epoch 51: val_mse=0.002031
scaled_global_seed2 epoch 52: val_mse=0.001978
scaled_global_seed2 epoch 53: val_mse=0.002085
scaled_global_seed2 epoch 54: val_mse=0.001932
scaled_global_seed2 epoch 55: val_mse=0.002085
scaled_global_seed2 epoch 56: val_mse=0.002107
scaled_global_seed2 epoch 57: val_mse=0.001920
scaled_global_seed2 epoch 58: val_mse=0.002169
scaled_global_seed2 epoch 59: val_mse=0.002472
scaled_global_seed2 epoch 60: val_mse=0.001889
scaled_global_seed2 epoch 61: val_mse=0.001900
scaled_global_seed2 epoch 62: val_mse=0.002063
scaled_global_seed2 epoch 63: val_mse=0.001931
scaled_global_seed2 epoch 64: val_mse=0.001926
scaled_global_seed2 epoch 65: val_mse=0.001892
scaled_global_seed2 epoch 66: val_mse=0.002238
scaled_global_seed2 epoch 67: val_mse=0.002157
scaled_global_seed2 epoch 68: val_mse=0.001926
scaled_global_seed2 epoch 69: val_mse=0.001923
scaled_global_seed2 epoch 70: val_mse=0.001893
scaled_global_seed2 epoch 71: val_mse=0.001924
scaled_global_seed2 epoch 72: val_mse=0.001849
scaled_global_seed2 epoch 73: val_mse=0.001978
scaled_global_seed2 epoch 74: val_mse=0.001903
scaled_global_seed2 epoch 75: val_mse=0.001906
scaled_global_seed2 epoch 76: val_mse=0.001823
scaled_global_seed2 epoch 77: val_mse=0.001885
scaled_global_seed2 epoch 78: val_mse=0.001882
scaled_global_seed2 epoch 79: val_mse=0.001851
scaled_global_seed2 epoch 80: val_mse=0.001905
scaled_global_seed2 epoch 81: val_mse=0.001942
scaled_global_seed2 epoch 82: val_mse=0.002063
scaled_global_seed2 epoch 83: val_mse=0.002137
scaled_global_seed2 epoch 84: val_mse=0.001924
scaled_global_seed2 epoch 85: val_mse=0.001885
scaled_global_seed2 epoch 86: val_mse=0.001916
scaled_global_seed2 epoch 87: val_mse=0.001873
scaled_global_seed2 epoch 88: val_mse=0.001864
scaled_global_seed2 epoch 89: val_mse=0.001873
scaled_global_seed2 epoch 90: val_mse=0.001839
scaled_global_seed2 epoch 91: val_mse=0.001835
scaled_global_seed2: {'n': 934, 'mae': 0.6151773929595947, 'rmse': 0.8149724006652832, 'persistence_mae': 0.6743367843264141}
scaled_seasonal_seed2 epoch 1: val_mse=0.013153
scaled_seasonal_seed2 epoch 2: val_mse=0.007989
scaled_seasonal_seed2 epoch 3: val_mse=0.005998
scaled_seasonal_seed2 epoch 4: val_mse=0.006243
scaled_seasonal_seed2 epoch 5: val_mse=0.006456
scaled_seasonal_seed2 epoch 6: val_mse=0.006445
scaled_seasonal_seed2 epoch 7: val_mse=0.006048
scaled_seasonal_seed2 epoch 8: val_mse=0.005653
scaled_seasonal_seed2 epoch 9: val_mse=0.005149
scaled_seasonal_seed2 epoch 10: val_mse=0.005708
scaled_seasonal_seed2 epoch 11: val_mse=0.006007
scaled_seasonal_seed2 epoch 12: val_mse=0.005463
scaled_seasonal_seed2 epoch 13: val_mse=0.005038
scaled_seasonal_seed2 epoch 14: val_mse=0.004800
scaled_seasonal_seed2 epoch 15: val_mse=0.005064
scaled_seasonal_seed2 epoch 16: val_mse=0.005269
scaled_seasonal_seed2 epoch 17: val_mse=0.004914
scaled_seasonal_seed2 epoch 18: val_mse=0.004707
scaled_seasonal_seed2 epoch 19: val_mse=0.004925
scaled_seasonal_seed2 epoch 20: val_mse=0.004494
scaled_seasonal_seed2 epoch 21: val_mse=0.004202
scaled_seasonal_seed2 epoch 22: val_mse=0.004169
scaled_seasonal_seed2 epoch 23: val_mse=0.003686
scaled_seasonal_seed2 epoch 24: val_mse=0.003075
scaled_seasonal_seed2 epoch 25: val_mse=0.003496
scaled_seasonal_seed2 epoch 26: val_mse=0.002919
scaled_seasonal_seed2 epoch 27: val_mse=0.002850
scaled_seasonal_seed2 epoch 28: val_mse=0.002689
scaled_seasonal_seed2 epoch 29: val_mse=0.002444
scaled_seasonal_seed2 epoch 30: val_mse=0.002315
scaled_seasonal_seed2 epoch 31: val_mse=0.002576
scaled_seasonal_seed2 epoch 32: val_mse=0.002504
scaled_seasonal_seed2 epoch 33: val_mse=0.002202
scaled_seasonal_seed2 epoch 34: val_mse=0.002222
scaled_seasonal_seed2 epoch 35: val_mse=0.002227
scaled_seasonal_seed2 epoch 36: val_mse=0.002080
scaled_seasonal_seed2 epoch 37: val_mse=0.002233
scaled_seasonal_seed2 epoch 38: val_mse=0.002043
scaled_seasonal_seed2 epoch 39: val_mse=0.002070
scaled_seasonal_seed2 epoch 40: val_mse=0.002066
scaled_seasonal_seed2 epoch 41: val_mse=0.002144
scaled_seasonal_seed2 epoch 42: val_mse=0.002105
scaled_seasonal_seed2 epoch 43: val_mse=0.002062
scaled_seasonal_seed2 epoch 44: val_mse=0.002487
scaled_seasonal_seed2 epoch 45: val_mse=0.002092
scaled_seasonal_seed2 epoch 46: val_mse=0.001915
scaled_seasonal_seed2 epoch 47: val_mse=0.002064
scaled_seasonal_seed2 epoch 48: val_mse=0.002263
scaled_seasonal_seed2 epoch 49: val_mse=0.002145
scaled_seasonal_seed2 epoch 50: val_mse=0.002145
scaled_seasonal_seed2 epoch 51: val_mse=0.001921
scaled_seasonal_seed2 epoch 52: val_mse=0.001903
scaled_seasonal_seed2 epoch 53: val_mse=0.002071
scaled_seasonal_seed2 epoch 54: val_mse=0.001968
scaled_seasonal_seed2 epoch 55: val_mse=0.002009
scaled_seasonal_seed2 epoch 56: val_mse=0.002331
scaled_seasonal_seed2 epoch 57: val_mse=0.001939
scaled_seasonal_seed2 epoch 58: val_mse=0.002159
scaled_seasonal_seed2 epoch 59: val_mse=0.002006
scaled_seasonal_seed2 epoch 60: val_mse=0.001934
scaled_seasonal_seed2 epoch 61: val_mse=0.001860
scaled_seasonal_seed2 epoch 62: val_mse=0.001917
scaled_seasonal_seed2 epoch 63: val_mse=0.001982
scaled_seasonal_seed2 epoch 64: val_mse=0.001969
scaled_seasonal_seed2 epoch 65: val_mse=0.001854
scaled_seasonal_seed2 epoch 66: val_mse=0.001991
scaled_seasonal_seed2 epoch 67: val_mse=0.001905
scaled_seasonal_seed2 epoch 68: val_mse=0.001857
scaled_seasonal_seed2 epoch 69: val_mse=0.001880
scaled_seasonal_seed2 epoch 70: val_mse=0.001883
scaled_seasonal_seed2 epoch 71: val_mse=0.001883
scaled_seasonal_seed2 epoch 72: val_mse=0.001856
scaled_seasonal_seed2 epoch 73: val_mse=0.001956
scaled_seasonal_seed2 epoch 74: val_mse=0.001911
scaled_seasonal_seed2 epoch 75: val_mse=0.001866
scaled_seasonal_seed2 epoch 76: val_mse=0.001855
scaled_seasonal_seed2 epoch 77: val_mse=0.001909
scaled_seasonal_seed2 epoch 78: val_mse=0.001907
scaled_seasonal_seed2 epoch 79: val_mse=0.001879
scaled_seasonal_seed2 epoch 80: val_mse=0.001903
scaled_seasonal_seed2: {'n': 934, 'mae': 0.6128842830657959, 'rmse': 0.8122870922088623, 'persistence_mae': 0.6743367843264141}
interaction_seed3 epoch 1: val_mse=0.006722
interaction_seed3 epoch 2: val_mse=0.006904
interaction_seed3 epoch 3: val_mse=0.006524
interaction_seed3 epoch 4: val_mse=0.010457
interaction_seed3 epoch 5: val_mse=0.005656
interaction_seed3 epoch 6: val_mse=0.006288
interaction_seed3 epoch 7: val_mse=0.006208
interaction_seed3 epoch 8: val_mse=0.007844
interaction_seed3 epoch 9: val_mse=0.006548
interaction_seed3 epoch 10: val_mse=0.005786
interaction_seed3 epoch 11: val_mse=0.005002
interaction_seed3 epoch 12: val_mse=0.006122
interaction_seed3 epoch 13: val_mse=0.005227
interaction_seed3 epoch 14: val_mse=0.005556
interaction_seed3 epoch 15: val_mse=0.005182
interaction_seed3 epoch 16: val_mse=0.005671
interaction_seed3 epoch 17: val_mse=0.005017
interaction_seed3 epoch 18: val_mse=0.004699
interaction_seed3 epoch 19: val_mse=0.004501
interaction_seed3 epoch 20: val_mse=0.004008
interaction_seed3 epoch 21: val_mse=0.004114
interaction_seed3 epoch 22: val_mse=0.003788
interaction_seed3 epoch 23: val_mse=0.003562
interaction_seed3 epoch 24: val_mse=0.003199
interaction_seed3 epoch 25: val_mse=0.002884
interaction_seed3 epoch 26: val_mse=0.002631
interaction_seed3 epoch 27: val_mse=0.002704
interaction_seed3 epoch 28: val_mse=0.002368
interaction_seed3 epoch 29: val_mse=0.002603
interaction_seed3 epoch 30: val_mse=0.002105
interaction_seed3 epoch 31: val_mse=0.002433
interaction_seed3 epoch 32: val_mse=0.002420
interaction_seed3 epoch 33: val_mse=0.002255
interaction_seed3 epoch 34: val_mse=0.002088
interaction_seed3 epoch 35: val_mse=0.002257
interaction_seed3 epoch 36: val_mse=0.002485
interaction_seed3 epoch 37: val_mse=0.002064
interaction_seed3 epoch 38: val_mse=0.002017
interaction_seed3 epoch 39: val_mse=0.002041
interaction_seed3 epoch 40: val_mse=0.002129
interaction_seed3 epoch 41: val_mse=0.001952
interaction_seed3 epoch 42: val_mse=0.001966
interaction_seed3 epoch 43: val_mse=0.001964
interaction_seed3 epoch 44: val_mse=0.002013
interaction_seed3 epoch 45: val_mse=0.002063
interaction_seed3 epoch 46: val_mse=0.001929
interaction_seed3 epoch 47: val_mse=0.002284
interaction_seed3 epoch 48: val_mse=0.002055
interaction_seed3 epoch 49: val_mse=0.002087
interaction_seed3 epoch 50: val_mse=0.002194
interaction_seed3 epoch 51: val_mse=0.002060
interaction_seed3 epoch 52: val_mse=0.001898
interaction_seed3 epoch 53: val_mse=0.001885
interaction_seed3 epoch 54: val_mse=0.001988
interaction_seed3 epoch 55: val_mse=0.002067
interaction_seed3 epoch 56: val_mse=0.001894
interaction_seed3 epoch 57: val_mse=0.002173
interaction_seed3 epoch 58: val_mse=0.001968
interaction_seed3 epoch 59: val_mse=0.001914
interaction_seed3 epoch 60: val_mse=0.001875
interaction_seed3 epoch 61: val_mse=0.002003
interaction_seed3 epoch 62: val_mse=0.001933
interaction_seed3 epoch 63: val_mse=0.002172
interaction_seed3 epoch 64: val_mse=0.001857
interaction_seed3 epoch 65: val_mse=0.001934
interaction_seed3 epoch 66: val_mse=0.001875
interaction_seed3 epoch 67: val_mse=0.001887
interaction_seed3 epoch 68: val_mse=0.002167
interaction_seed3 epoch 69: val_mse=0.001929
interaction_seed3 epoch 70: val_mse=0.001964
interaction_seed3 epoch 71: val_mse=0.001942
interaction_seed3 epoch 72: val_mse=0.001919
interaction_seed3 epoch 73: val_mse=0.001915
interaction_seed3 epoch 74: val_mse=0.001911
interaction_seed3 epoch 75: val_mse=0.001899
interaction_seed3 epoch 76: val_mse=0.001850
interaction_seed3 epoch 77: val_mse=0.001830
interaction_seed3 epoch 78: val_mse=0.001889
interaction_seed3 epoch 79: val_mse=0.002020
interaction_seed3 epoch 80: val_mse=0.002087
interaction_seed3 epoch 81: val_mse=0.001915
interaction_seed3 epoch 82: val_mse=0.001857
interaction_seed3 epoch 83: val_mse=0.001913
interaction_seed3 epoch 84: val_mse=0.001812
interaction_seed3 epoch 85: val_mse=0.001841
interaction_seed3 epoch 86: val_mse=0.001988
interaction_seed3 epoch 87: val_mse=0.001909
interaction_seed3 epoch 88: val_mse=0.001874
interaction_seed3 epoch 89: val_mse=0.001993
interaction_seed3 epoch 90: val_mse=0.001921
interaction_seed3 epoch 91: val_mse=0.001819
interaction_seed3 epoch 92: val_mse=0.001875
interaction_seed3 epoch 93: val_mse=0.001833
interaction_seed3 epoch 94: val_mse=0.001873
interaction_seed3 epoch 95: val_mse=0.001929
interaction_seed3 epoch 96: val_mse=0.001798
interaction_seed3 epoch 97: val_mse=0.001828
interaction_seed3 epoch 98: val_mse=0.001838
interaction_seed3 epoch 99: val_mse=0.001847
interaction_seed3 epoch 100: val_mse=0.002026
interaction_seed3: {'n': 934, 'mae': 0.6132102608680725, 'rmse': 0.8134163022041321, 'persistence_mae': 0.6743367843264141}
joint_seed3 epoch 1: val_mse=0.007321
joint_seed3 epoch 2: val_mse=0.007089
joint_seed3 epoch 3: val_mse=0.006582
joint_seed3 epoch 4: val_mse=0.010500
joint_seed3 epoch 5: val_mse=0.005710
joint_seed3 epoch 6: val_mse=0.006331
joint_seed3 epoch 7: val_mse=0.006218
joint_seed3 epoch 8: val_mse=0.008099
joint_seed3 epoch 9: val_mse=0.006442
joint_seed3 epoch 10: val_mse=0.006113
joint_seed3 epoch 11: val_mse=0.004945
joint_seed3 epoch 12: val_mse=0.006191
joint_seed3 epoch 13: val_mse=0.005389
joint_seed3 epoch 14: val_mse=0.005263
joint_seed3 epoch 15: val_mse=0.005173
joint_seed3 epoch 16: val_mse=0.005680
joint_seed3 epoch 17: val_mse=0.005297
joint_seed3 epoch 18: val_mse=0.004292
joint_seed3 epoch 19: val_mse=0.003995
joint_seed3 epoch 20: val_mse=0.003802
joint_seed3 epoch 21: val_mse=0.003715
joint_seed3 epoch 22: val_mse=0.003920
joint_seed3 epoch 23: val_mse=0.003108
joint_seed3 epoch 24: val_mse=0.003278
joint_seed3 epoch 25: val_mse=0.002489
joint_seed3 epoch 26: val_mse=0.002611
joint_seed3 epoch 27: val_mse=0.002289
joint_seed3 epoch 28: val_mse=0.002191
joint_seed3 epoch 29: val_mse=0.002315
joint_seed3 epoch 30: val_mse=0.002176
joint_seed3 epoch 31: val_mse=0.002429
joint_seed3 epoch 32: val_mse=0.002189
joint_seed3 epoch 33: val_mse=0.002128
joint_seed3 epoch 34: val_mse=0.002054
joint_seed3 epoch 35: val_mse=0.002241
joint_seed3 epoch 36: val_mse=0.002273
joint_seed3 epoch 37: val_mse=0.002019
joint_seed3 epoch 38: val_mse=0.002054
joint_seed3 epoch 39: val_mse=0.001921
joint_seed3 epoch 40: val_mse=0.002049
joint_seed3 epoch 41: val_mse=0.001948
joint_seed3 epoch 42: val_mse=0.001935
joint_seed3 epoch 43: val_mse=0.001974
joint_seed3 epoch 44: val_mse=0.001934
joint_seed3 epoch 45: val_mse=0.002025
joint_seed3 epoch 46: val_mse=0.001854
joint_seed3 epoch 47: val_mse=0.002331
joint_seed3 epoch 48: val_mse=0.002007
joint_seed3 epoch 49: val_mse=0.002036
joint_seed3 epoch 50: val_mse=0.002219
joint_seed3 epoch 51: val_mse=0.001948
joint_seed3 epoch 52: val_mse=0.001821
joint_seed3 epoch 53: val_mse=0.001863
joint_seed3 epoch 54: val_mse=0.001928
joint_seed3 epoch 55: val_mse=0.001952
joint_seed3 epoch 56: val_mse=0.001925
joint_seed3 epoch 57: val_mse=0.002203
joint_seed3 epoch 58: val_mse=0.001898
joint_seed3 epoch 59: val_mse=0.002077
joint_seed3 epoch 60: val_mse=0.001875
joint_seed3 epoch 61: val_mse=0.001835
joint_seed3 epoch 62: val_mse=0.001853
joint_seed3 epoch 63: val_mse=0.002075
joint_seed3 epoch 64: val_mse=0.001832
joint_seed3 epoch 65: val_mse=0.001811
joint_seed3 epoch 66: val_mse=0.001857
joint_seed3 epoch 67: val_mse=0.001961
joint_seed3 epoch 68: val_mse=0.001899
joint_seed3 epoch 69: val_mse=0.001847
joint_seed3 epoch 70: val_mse=0.001841
joint_seed3 epoch 71: val_mse=0.002061
joint_seed3 epoch 72: val_mse=0.001932
joint_seed3 epoch 73: val_mse=0.001882
joint_seed3 epoch 74: val_mse=0.001874
joint_seed3 epoch 75: val_mse=0.001803
joint_seed3 epoch 76: val_mse=0.001811
joint_seed3 epoch 77: val_mse=0.001814
joint_seed3 epoch 78: val_mse=0.001806
joint_seed3 epoch 79: val_mse=0.001842
joint_seed3 epoch 80: val_mse=0.001919
joint_seed3 epoch 81: val_mse=0.001789
joint_seed3 epoch 82: val_mse=0.001853
joint_seed3 epoch 83: val_mse=0.001895
joint_seed3 epoch 84: val_mse=0.001782
joint_seed3 epoch 85: val_mse=0.001810
joint_seed3 epoch 86: val_mse=0.001857
joint_seed3 epoch 87: val_mse=0.001865
joint_seed3 epoch 88: val_mse=0.001812
joint_seed3 epoch 89: val_mse=0.002015
joint_seed3 epoch 90: val_mse=0.001993
joint_seed3 epoch 91: val_mse=0.001808
joint_seed3 epoch 92: val_mse=0.001814
joint_seed3 epoch 93: val_mse=0.001793
joint_seed3 epoch 94: val_mse=0.001831
joint_seed3 epoch 95: val_mse=0.001853
joint_seed3 epoch 96: val_mse=0.001798
joint_seed3 epoch 97: val_mse=0.001847
joint_seed3 epoch 98: val_mse=0.001793
joint_seed3 epoch 99: val_mse=0.001836
joint_seed3: {'n': 934, 'mae': 0.6130193471908569, 'rmse': 0.8096898198127747, 'persistence_mae': 0.6743367843264141}
scaled_average_seed3 epoch 1: val_mse=0.006722
scaled_average_seed3 epoch 2: val_mse=0.006904
scaled_average_seed3 epoch 3: val_mse=0.006525
scaled_average_seed3 epoch 4: val_mse=0.010458
scaled_average_seed3 epoch 5: val_mse=0.005654
scaled_average_seed3 epoch 6: val_mse=0.006216
scaled_average_seed3 epoch 7: val_mse=0.006198
scaled_average_seed3 epoch 8: val_mse=0.007978
scaled_average_seed3 epoch 9: val_mse=0.006526
scaled_average_seed3 epoch 10: val_mse=0.005918
scaled_average_seed3 epoch 11: val_mse=0.005031
scaled_average_seed3 epoch 12: val_mse=0.006172
scaled_average_seed3 epoch 13: val_mse=0.005146
scaled_average_seed3 epoch 14: val_mse=0.005250
scaled_average_seed3 epoch 15: val_mse=0.005222
scaled_average_seed3 epoch 16: val_mse=0.005374
scaled_average_seed3 epoch 17: val_mse=0.005083
scaled_average_seed3 epoch 18: val_mse=0.005299
scaled_average_seed3 epoch 19: val_mse=0.004586
scaled_average_seed3 epoch 20: val_mse=0.004209
scaled_average_seed3 epoch 21: val_mse=0.004052
scaled_average_seed3 epoch 22: val_mse=0.004074
scaled_average_seed3 epoch 23: val_mse=0.003619
scaled_average_seed3 epoch 24: val_mse=0.003510
scaled_average_seed3 epoch 25: val_mse=0.003116
scaled_average_seed3 epoch 26: val_mse=0.002900
scaled_average_seed3 epoch 27: val_mse=0.002551
scaled_average_seed3 epoch 28: val_mse=0.002496
scaled_average_seed3 epoch 29: val_mse=0.002631
scaled_average_seed3 epoch 30: val_mse=0.002719
scaled_average_seed3 epoch 31: val_mse=0.002501
scaled_average_seed3 epoch 32: val_mse=0.002489
scaled_average_seed3 epoch 33: val_mse=0.002243
scaled_average_seed3 epoch 34: val_mse=0.002352
scaled_average_seed3 epoch 35: val_mse=0.002275
scaled_average_seed3 epoch 36: val_mse=0.002718
scaled_average_seed3 epoch 37: val_mse=0.002190
scaled_average_seed3 epoch 38: val_mse=0.002200
scaled_average_seed3 epoch 39: val_mse=0.002076
scaled_average_seed3 epoch 40: val_mse=0.002258
scaled_average_seed3 epoch 41: val_mse=0.002054
scaled_average_seed3 epoch 42: val_mse=0.002161
scaled_average_seed3 epoch 43: val_mse=0.002046
scaled_average_seed3 epoch 44: val_mse=0.002076
scaled_average_seed3 epoch 45: val_mse=0.002022
scaled_average_seed3 epoch 46: val_mse=0.001970
scaled_average_seed3 epoch 47: val_mse=0.002236
scaled_average_seed3 epoch 48: val_mse=0.001958
scaled_average_seed3 epoch 49: val_mse=0.002076
scaled_average_seed3 epoch 50: val_mse=0.002080
scaled_average_seed3 epoch 51: val_mse=0.001991
scaled_average_seed3 epoch 52: val_mse=0.001985
scaled_average_seed3 epoch 53: val_mse=0.001907
scaled_average_seed3 epoch 54: val_mse=0.001950
scaled_average_seed3 epoch 55: val_mse=0.001966
scaled_average_seed3 epoch 56: val_mse=0.001941
scaled_average_seed3 epoch 57: val_mse=0.002101
scaled_average_seed3 epoch 58: val_mse=0.001983
scaled_average_seed3 epoch 59: val_mse=0.002004
scaled_average_seed3 epoch 60: val_mse=0.001997
scaled_average_seed3 epoch 61: val_mse=0.001925
scaled_average_seed3 epoch 62: val_mse=0.001950
scaled_average_seed3 epoch 63: val_mse=0.002115
scaled_average_seed3 epoch 64: val_mse=0.001941
scaled_average_seed3 epoch 65: val_mse=0.001840
scaled_average_seed3 epoch 66: val_mse=0.001893
scaled_average_seed3 epoch 67: val_mse=0.001958
scaled_average_seed3 epoch 68: val_mse=0.001950
scaled_average_seed3 epoch 69: val_mse=0.001904
scaled_average_seed3 epoch 70: val_mse=0.001872
scaled_average_seed3 epoch 71: val_mse=0.001970
scaled_average_seed3 epoch 72: val_mse=0.002042
scaled_average_seed3 epoch 73: val_mse=0.001927
scaled_average_seed3 epoch 74: val_mse=0.001894
scaled_average_seed3 epoch 75: val_mse=0.001834
scaled_average_seed3 epoch 76: val_mse=0.001834
scaled_average_seed3 epoch 77: val_mse=0.001824
scaled_average_seed3 epoch 78: val_mse=0.001863
scaled_average_seed3 epoch 79: val_mse=0.001920
scaled_average_seed3 epoch 80: val_mse=0.001947
scaled_average_seed3 epoch 81: val_mse=0.001855
scaled_average_seed3 epoch 82: val_mse=0.001879
scaled_average_seed3 epoch 83: val_mse=0.001888
scaled_average_seed3 epoch 84: val_mse=0.001825
scaled_average_seed3 epoch 85: val_mse=0.001885
scaled_average_seed3 epoch 86: val_mse=0.001899
scaled_average_seed3 epoch 87: val_mse=0.001889
scaled_average_seed3 epoch 88: val_mse=0.001856
scaled_average_seed3 epoch 89: val_mse=0.001873
scaled_average_seed3 epoch 90: val_mse=0.001902
scaled_average_seed3 epoch 91: val_mse=0.001840
scaled_average_seed3 epoch 92: val_mse=0.001857
scaled_average_seed3: {'n': 934, 'mae': 0.6185351014137268, 'rmse': 0.8156721591949463, 'persistence_mae': 0.6743367843264141}
scaled_global_seed3 epoch 1: val_mse=0.006746
scaled_global_seed3 epoch 2: val_mse=0.006876
scaled_global_seed3 epoch 3: val_mse=0.006502
scaled_global_seed3 epoch 4: val_mse=0.010452
scaled_global_seed3 epoch 5: val_mse=0.005649
scaled_global_seed3 epoch 6: val_mse=0.006770
scaled_global_seed3 epoch 7: val_mse=0.006047
scaled_global_seed3 epoch 8: val_mse=0.007526
scaled_global_seed3 epoch 9: val_mse=0.006479
scaled_global_seed3 epoch 10: val_mse=0.005688
scaled_global_seed3 epoch 11: val_mse=0.005053
scaled_global_seed3 epoch 12: val_mse=0.006161
scaled_global_seed3 epoch 13: val_mse=0.005231
scaled_global_seed3 epoch 14: val_mse=0.005385
scaled_global_seed3 epoch 15: val_mse=0.005240
scaled_global_seed3 epoch 16: val_mse=0.005263
scaled_global_seed3 epoch 17: val_mse=0.005065
scaled_global_seed3 epoch 18: val_mse=0.004962
scaled_global_seed3 epoch 19: val_mse=0.004652
scaled_global_seed3 epoch 20: val_mse=0.004729
scaled_global_seed3 epoch 21: val_mse=0.004303
scaled_global_seed3 epoch 22: val_mse=0.004066
scaled_global_seed3 epoch 23: val_mse=0.003999
scaled_global_seed3 epoch 24: val_mse=0.003618
scaled_global_seed3 epoch 25: val_mse=0.003051
scaled_global_seed3 epoch 26: val_mse=0.003110
scaled_global_seed3 epoch 27: val_mse=0.002570
scaled_global_seed3 epoch 28: val_mse=0.002466
scaled_global_seed3 epoch 29: val_mse=0.002947
scaled_global_seed3 epoch 30: val_mse=0.002466
scaled_global_seed3 epoch 31: val_mse=0.002370
scaled_global_seed3 epoch 32: val_mse=0.002236
scaled_global_seed3 epoch 33: val_mse=0.002340
scaled_global_seed3 epoch 34: val_mse=0.002231
scaled_global_seed3 epoch 35: val_mse=0.002178
scaled_global_seed3 epoch 36: val_mse=0.002385
scaled_global_seed3 epoch 37: val_mse=0.002226
scaled_global_seed3 epoch 38: val_mse=0.002164
scaled_global_seed3 epoch 39: val_mse=0.002005
scaled_global_seed3 epoch 40: val_mse=0.002182
scaled_global_seed3 epoch 41: val_mse=0.001943
scaled_global_seed3 epoch 42: val_mse=0.002115
scaled_global_seed3 epoch 43: val_mse=0.002018
scaled_global_seed3 epoch 44: val_mse=0.002284
scaled_global_seed3 epoch 45: val_mse=0.001963
scaled_global_seed3 epoch 46: val_mse=0.001991
scaled_global_seed3 epoch 47: val_mse=0.002303
scaled_global_seed3 epoch 48: val_mse=0.002040
scaled_global_seed3 epoch 49: val_mse=0.002122
scaled_global_seed3 epoch 50: val_mse=0.002206
scaled_global_seed3 epoch 51: val_mse=0.001910
scaled_global_seed3 epoch 52: val_mse=0.001900
scaled_global_seed3 epoch 53: val_mse=0.001895
scaled_global_seed3 epoch 54: val_mse=0.001963
scaled_global_seed3 epoch 55: val_mse=0.001919
scaled_global_seed3 epoch 56: val_mse=0.002137
scaled_global_seed3 epoch 57: val_mse=0.001965
scaled_global_seed3 epoch 58: val_mse=0.001952
scaled_global_seed3 epoch 59: val_mse=0.002110
scaled_global_seed3 epoch 60: val_mse=0.001901
scaled_global_seed3 epoch 61: val_mse=0.001940
scaled_global_seed3 epoch 62: val_mse=0.001879
scaled_global_seed3 epoch 63: val_mse=0.001968
scaled_global_seed3 epoch 64: val_mse=0.001873
scaled_global_seed3 epoch 65: val_mse=0.001863
scaled_global_seed3 epoch 66: val_mse=0.001898
scaled_global_seed3 epoch 67: val_mse=0.001925
scaled_global_seed3 epoch 68: val_mse=0.001846
scaled_global_seed3 epoch 69: val_mse=0.001890
scaled_global_seed3 epoch 70: val_mse=0.001919
scaled_global_seed3 epoch 71: val_mse=0.001893
scaled_global_seed3 epoch 72: val_mse=0.002039
scaled_global_seed3 epoch 73: val_mse=0.001888
scaled_global_seed3 epoch 74: val_mse=0.001955
scaled_global_seed3 epoch 75: val_mse=0.001847
scaled_global_seed3 epoch 76: val_mse=0.001830
scaled_global_seed3 epoch 77: val_mse=0.001851
scaled_global_seed3 epoch 78: val_mse=0.001880
scaled_global_seed3 epoch 79: val_mse=0.001922
scaled_global_seed3 epoch 80: val_mse=0.001982
scaled_global_seed3 epoch 81: val_mse=0.001862
scaled_global_seed3 epoch 82: val_mse=0.001890
scaled_global_seed3 epoch 83: val_mse=0.001896
scaled_global_seed3 epoch 84: val_mse=0.001832
scaled_global_seed3 epoch 85: val_mse=0.001833
scaled_global_seed3 epoch 86: val_mse=0.001924
scaled_global_seed3 epoch 87: val_mse=0.001917
scaled_global_seed3 epoch 88: val_mse=0.001861
scaled_global_seed3 epoch 89: val_mse=0.001908
scaled_global_seed3 epoch 90: val_mse=0.001975
scaled_global_seed3 epoch 91: val_mse=0.001862
scaled_global_seed3: {'n': 934, 'mae': 0.6172739267349243, 'rmse': 0.8157151341438293, 'persistence_mae': 0.6743367843264141}
scaled_seasonal_seed3 epoch 1: val_mse=0.006781
scaled_seasonal_seed3 epoch 2: val_mse=0.006915
scaled_seasonal_seed3 epoch 3: val_mse=0.006523
scaled_seasonal_seed3 epoch 4: val_mse=0.010449
scaled_seasonal_seed3 epoch 5: val_mse=0.005661
scaled_seasonal_seed3 epoch 6: val_mse=0.006267
scaled_seasonal_seed3 epoch 7: val_mse=0.006198
scaled_seasonal_seed3 epoch 8: val_mse=0.008055
scaled_seasonal_seed3 epoch 9: val_mse=0.006485
scaled_seasonal_seed3 epoch 10: val_mse=0.005934
scaled_seasonal_seed3 epoch 11: val_mse=0.005033
scaled_seasonal_seed3 epoch 12: val_mse=0.006185
scaled_seasonal_seed3 epoch 13: val_mse=0.005158
scaled_seasonal_seed3 epoch 14: val_mse=0.005378
scaled_seasonal_seed3 epoch 15: val_mse=0.005170
scaled_seasonal_seed3 epoch 16: val_mse=0.005451
scaled_seasonal_seed3 epoch 17: val_mse=0.005023
scaled_seasonal_seed3 epoch 18: val_mse=0.004637
scaled_seasonal_seed3 epoch 19: val_mse=0.004495
scaled_seasonal_seed3 epoch 20: val_mse=0.004334
scaled_seasonal_seed3 epoch 21: val_mse=0.004113
scaled_seasonal_seed3 epoch 22: val_mse=0.003917
scaled_seasonal_seed3 epoch 23: val_mse=0.003288
scaled_seasonal_seed3 epoch 24: val_mse=0.003729
scaled_seasonal_seed3 epoch 25: val_mse=0.002746
scaled_seasonal_seed3 epoch 26: val_mse=0.002740
scaled_seasonal_seed3 epoch 27: val_mse=0.002432
scaled_seasonal_seed3 epoch 28: val_mse=0.002394
scaled_seasonal_seed3 epoch 29: val_mse=0.002666
scaled_seasonal_seed3 epoch 30: val_mse=0.002429
scaled_seasonal_seed3 epoch 31: val_mse=0.002314
scaled_seasonal_seed3 epoch 32: val_mse=0.002182
scaled_seasonal_seed3 epoch 33: val_mse=0.002268
scaled_seasonal_seed3 epoch 34: val_mse=0.002148
scaled_seasonal_seed3 epoch 35: val_mse=0.002214
scaled_seasonal_seed3 epoch 36: val_mse=0.002436
scaled_seasonal_seed3 epoch 37: val_mse=0.001970
scaled_seasonal_seed3 epoch 38: val_mse=0.002114
scaled_seasonal_seed3 epoch 39: val_mse=0.001928
scaled_seasonal_seed3 epoch 40: val_mse=0.002084
scaled_seasonal_seed3 epoch 41: val_mse=0.001944
scaled_seasonal_seed3 epoch 42: val_mse=0.002087
scaled_seasonal_seed3 epoch 43: val_mse=0.002100
scaled_seasonal_seed3 epoch 44: val_mse=0.001974
scaled_seasonal_seed3 epoch 45: val_mse=0.002048
scaled_seasonal_seed3 epoch 46: val_mse=0.001994
scaled_seasonal_seed3 epoch 47: val_mse=0.002215
scaled_seasonal_seed3 epoch 48: val_mse=0.001966
scaled_seasonal_seed3 epoch 49: val_mse=0.001979
scaled_seasonal_seed3 epoch 50: val_mse=0.002166
scaled_seasonal_seed3 epoch 51: val_mse=0.001964
scaled_seasonal_seed3 epoch 52: val_mse=0.001886
scaled_seasonal_seed3 epoch 53: val_mse=0.001877
scaled_seasonal_seed3 epoch 54: val_mse=0.001950
scaled_seasonal_seed3 epoch 55: val_mse=0.001935
scaled_seasonal_seed3 epoch 56: val_mse=0.001969
scaled_seasonal_seed3 epoch 57: val_mse=0.001944
scaled_seasonal_seed3 epoch 58: val_mse=0.001903
scaled_seasonal_seed3 epoch 59: val_mse=0.002068
scaled_seasonal_seed3 epoch 60: val_mse=0.001910
scaled_seasonal_seed3 epoch 61: val_mse=0.001886
scaled_seasonal_seed3 epoch 62: val_mse=0.001881
scaled_seasonal_seed3 epoch 63: val_mse=0.001952
scaled_seasonal_seed3 epoch 64: val_mse=0.001907
scaled_seasonal_seed3 epoch 65: val_mse=0.001851
scaled_seasonal_seed3 epoch 66: val_mse=0.001897
scaled_seasonal_seed3 epoch 67: val_mse=0.001937
scaled_seasonal_seed3 epoch 68: val_mse=0.001858
scaled_seasonal_seed3 epoch 69: val_mse=0.001868
scaled_seasonal_seed3 epoch 70: val_mse=0.001897
scaled_seasonal_seed3 epoch 71: val_mse=0.001886
scaled_seasonal_seed3 epoch 72: val_mse=0.002015
scaled_seasonal_seed3 epoch 73: val_mse=0.001882
scaled_seasonal_seed3 epoch 74: val_mse=0.001891
scaled_seasonal_seed3 epoch 75: val_mse=0.001857
scaled_seasonal_seed3 epoch 76: val_mse=0.001863
scaled_seasonal_seed3 epoch 77: val_mse=0.001858
scaled_seasonal_seed3 epoch 78: val_mse=0.001869
scaled_seasonal_seed3 epoch 79: val_mse=0.001883
scaled_seasonal_seed3 epoch 80: val_mse=0.001886
scaled_seasonal_seed3: {'n': 934, 'mae': 0.6157171130180359, 'rmse': 0.8128235340118408, 'persistence_mae': 0.6743367843264141}
interaction_seed4 epoch 1: val_mse=0.006597
interaction_seed4 epoch 2: val_mse=0.005790
interaction_seed4 epoch 3: val_mse=0.007246
interaction_seed4 epoch 4: val_mse=0.006212
interaction_seed4 epoch 5: val_mse=0.007115
interaction_seed4 epoch 6: val_mse=0.005759
interaction_seed4 epoch 7: val_mse=0.005233
interaction_seed4 epoch 8: val_mse=0.005569
interaction_seed4 epoch 9: val_mse=0.005701
interaction_seed4 epoch 10: val_mse=0.005249
interaction_seed4 epoch 11: val_mse=0.005204
interaction_seed4 epoch 12: val_mse=0.005206
interaction_seed4 epoch 13: val_mse=0.005589
interaction_seed4 epoch 14: val_mse=0.005334
interaction_seed4 epoch 15: val_mse=0.005230
interaction_seed4 epoch 16: val_mse=0.005262
interaction_seed4 epoch 17: val_mse=0.005346
interaction_seed4 epoch 18: val_mse=0.004975
interaction_seed4 epoch 19: val_mse=0.005046
interaction_seed4 epoch 20: val_mse=0.005167
interaction_seed4 epoch 21: val_mse=0.006004
interaction_seed4 epoch 22: val_mse=0.005615
interaction_seed4 epoch 23: val_mse=0.005109
interaction_seed4 epoch 24: val_mse=0.004590
interaction_seed4 epoch 25: val_mse=0.003825
interaction_seed4 epoch 26: val_mse=0.003745
interaction_seed4 epoch 27: val_mse=0.003191
interaction_seed4 epoch 28: val_mse=0.002753
interaction_seed4 epoch 29: val_mse=0.003522
interaction_seed4 epoch 30: val_mse=0.002582
interaction_seed4 epoch 31: val_mse=0.002497
interaction_seed4 epoch 32: val_mse=0.002380
interaction_seed4 epoch 33: val_mse=0.002394
interaction_seed4 epoch 34: val_mse=0.002382
interaction_seed4 epoch 35: val_mse=0.002451
interaction_seed4 epoch 36: val_mse=0.002754
interaction_seed4 epoch 37: val_mse=0.002260
interaction_seed4 epoch 38: val_mse=0.002176
interaction_seed4 epoch 39: val_mse=0.002190
interaction_seed4 epoch 40: val_mse=0.001976
interaction_seed4 epoch 41: val_mse=0.002011
interaction_seed4 epoch 42: val_mse=0.002199
interaction_seed4 epoch 43: val_mse=0.002269
interaction_seed4 epoch 44: val_mse=0.002008
interaction_seed4 epoch 45: val_mse=0.001888
interaction_seed4 epoch 46: val_mse=0.002204
interaction_seed4 epoch 47: val_mse=0.002232
interaction_seed4 epoch 48: val_mse=0.001906
interaction_seed4 epoch 49: val_mse=0.002025
interaction_seed4 epoch 50: val_mse=0.001953
interaction_seed4 epoch 51: val_mse=0.002118
interaction_seed4 epoch 52: val_mse=0.001961
interaction_seed4 epoch 53: val_mse=0.001899
interaction_seed4 epoch 54: val_mse=0.001894
interaction_seed4 epoch 55: val_mse=0.001950
interaction_seed4 epoch 56: val_mse=0.001960
interaction_seed4 epoch 57: val_mse=0.001978
interaction_seed4 epoch 58: val_mse=0.001993
interaction_seed4 epoch 59: val_mse=0.001911
interaction_seed4 epoch 60: val_mse=0.002046
interaction_seed4: {'n': 934, 'mae': 0.6254867911338806, 'rmse': 0.825199544429779, 'persistence_mae': 0.6743367843264141}
joint_seed4 epoch 1: val_mse=0.006647
joint_seed4 epoch 2: val_mse=0.008190
joint_seed4 epoch 3: val_mse=0.007049
joint_seed4 epoch 4: val_mse=0.006082
joint_seed4 epoch 5: val_mse=0.006882
joint_seed4 epoch 6: val_mse=0.005715
joint_seed4 epoch 7: val_mse=0.005216
joint_seed4 epoch 8: val_mse=0.005684
joint_seed4 epoch 9: val_mse=0.005651
joint_seed4 epoch 10: val_mse=0.005319
joint_seed4 epoch 11: val_mse=0.005105
joint_seed4 epoch 12: val_mse=0.005163
joint_seed4 epoch 13: val_mse=0.005464
joint_seed4 epoch 14: val_mse=0.005324
joint_seed4 epoch 15: val_mse=0.005197
joint_seed4 epoch 16: val_mse=0.005276
joint_seed4 epoch 17: val_mse=0.005398
joint_seed4 epoch 18: val_mse=0.004937
joint_seed4 epoch 19: val_mse=0.005085
joint_seed4 epoch 20: val_mse=0.005291
joint_seed4 epoch 21: val_mse=0.006009
joint_seed4 epoch 22: val_mse=0.005575
joint_seed4 epoch 23: val_mse=0.005661
joint_seed4 epoch 24: val_mse=0.004773
joint_seed4 epoch 25: val_mse=0.005797
joint_seed4 epoch 26: val_mse=0.004271
joint_seed4 epoch 27: val_mse=0.003786
joint_seed4 epoch 28: val_mse=0.004950
joint_seed4 epoch 29: val_mse=0.003463
joint_seed4 epoch 30: val_mse=0.002923
joint_seed4 epoch 31: val_mse=0.002920
joint_seed4 epoch 32: val_mse=0.002687
joint_seed4 epoch 33: val_mse=0.002457
joint_seed4 epoch 34: val_mse=0.002305
joint_seed4 epoch 35: val_mse=0.002425
joint_seed4 epoch 36: val_mse=0.002710
joint_seed4 epoch 37: val_mse=0.002217
joint_seed4 epoch 38: val_mse=0.002643
joint_seed4 epoch 39: val_mse=0.001992
joint_seed4 epoch 40: val_mse=0.002095
joint_seed4 epoch 41: val_mse=0.001960
joint_seed4 epoch 42: val_mse=0.002034
joint_seed4 epoch 43: val_mse=0.002202
joint_seed4 epoch 44: val_mse=0.001925
joint_seed4 epoch 45: val_mse=0.001956
joint_seed4 epoch 46: val_mse=0.001958
joint_seed4 epoch 47: val_mse=0.002520
joint_seed4 epoch 48: val_mse=0.001853
joint_seed4 epoch 49: val_mse=0.001944
joint_seed4 epoch 50: val_mse=0.001997
joint_seed4 epoch 51: val_mse=0.002121
joint_seed4 epoch 52: val_mse=0.001950
joint_seed4 epoch 53: val_mse=0.001932
joint_seed4 epoch 54: val_mse=0.001872
joint_seed4 epoch 55: val_mse=0.002337
joint_seed4 epoch 56: val_mse=0.002086
joint_seed4 epoch 57: val_mse=0.001951
joint_seed4 epoch 58: val_mse=0.001919
joint_seed4 epoch 59: val_mse=0.001910
joint_seed4 epoch 60: val_mse=0.002098
joint_seed4 epoch 61: val_mse=0.001906
joint_seed4 epoch 62: val_mse=0.001998
joint_seed4 epoch 63: val_mse=0.001936
joint_seed4: {'n': 934, 'mae': 0.6379368305206299, 'rmse': 0.834172248840332, 'persistence_mae': 0.6743367843264141}
scaled_average_seed4 epoch 1: val_mse=0.006597
scaled_average_seed4 epoch 2: val_mse=0.005789
scaled_average_seed4 epoch 3: val_mse=0.007246
scaled_average_seed4 epoch 4: val_mse=0.006215
scaled_average_seed4 epoch 5: val_mse=0.007116
scaled_average_seed4 epoch 6: val_mse=0.005759
scaled_average_seed4 epoch 7: val_mse=0.005232
scaled_average_seed4 epoch 8: val_mse=0.005568
scaled_average_seed4 epoch 9: val_mse=0.005679
scaled_average_seed4 epoch 10: val_mse=0.005229
scaled_average_seed4 epoch 11: val_mse=0.005202
scaled_average_seed4 epoch 12: val_mse=0.005205
scaled_average_seed4 epoch 13: val_mse=0.005547
scaled_average_seed4 epoch 14: val_mse=0.005300
scaled_average_seed4 epoch 15: val_mse=0.005175
scaled_average_seed4 epoch 16: val_mse=0.005248
scaled_average_seed4 epoch 17: val_mse=0.005404
scaled_average_seed4 epoch 18: val_mse=0.004880
scaled_average_seed4 epoch 19: val_mse=0.005060
scaled_average_seed4 epoch 20: val_mse=0.005220
scaled_average_seed4 epoch 21: val_mse=0.006376
scaled_average_seed4 epoch 22: val_mse=0.005444
scaled_average_seed4 epoch 23: val_mse=0.005137
scaled_average_seed4 epoch 24: val_mse=0.004498
scaled_average_seed4 epoch 25: val_mse=0.004588
scaled_average_seed4 epoch 26: val_mse=0.003552
scaled_average_seed4 epoch 27: val_mse=0.003516
scaled_average_seed4 epoch 28: val_mse=0.003043
scaled_average_seed4 epoch 29: val_mse=0.003415
scaled_average_seed4 epoch 30: val_mse=0.002590
scaled_average_seed4 epoch 31: val_mse=0.002972
scaled_average_seed4 epoch 32: val_mse=0.002579
scaled_average_seed4 epoch 33: val_mse=0.002488
scaled_average_seed4 epoch 34: val_mse=0.002212
scaled_average_seed4 epoch 35: val_mse=0.002288
scaled_average_seed4 epoch 36: val_mse=0.002777
scaled_average_seed4 epoch 37: val_mse=0.002085
scaled_average_seed4 epoch 38: val_mse=0.002492
scaled_average_seed4 epoch 39: val_mse=0.002444
scaled_average_seed4 epoch 40: val_mse=0.002057
scaled_average_seed4 epoch 41: val_mse=0.001982
scaled_average_seed4 epoch 42: val_mse=0.002021
scaled_average_seed4 epoch 43: val_mse=0.002057
scaled_average_seed4 epoch 44: val_mse=0.001961
scaled_average_seed4 epoch 45: val_mse=0.001991
scaled_average_seed4 epoch 46: val_mse=0.002163
scaled_average_seed4 epoch 47: val_mse=0.002252
scaled_average_seed4 epoch 48: val_mse=0.001921
scaled_average_seed4 epoch 49: val_mse=0.001937
scaled_average_seed4 epoch 50: val_mse=0.001999
scaled_average_seed4 epoch 51: val_mse=0.002057
scaled_average_seed4 epoch 52: val_mse=0.001947
scaled_average_seed4 epoch 53: val_mse=0.001903
scaled_average_seed4 epoch 54: val_mse=0.001929
scaled_average_seed4 epoch 55: val_mse=0.002161
scaled_average_seed4 epoch 56: val_mse=0.002051
scaled_average_seed4 epoch 57: val_mse=0.001863
scaled_average_seed4 epoch 58: val_mse=0.002491
scaled_average_seed4 epoch 59: val_mse=0.001967
scaled_average_seed4 epoch 60: val_mse=0.002892
scaled_average_seed4 epoch 61: val_mse=0.001949
scaled_average_seed4 epoch 62: val_mse=0.002009
scaled_average_seed4 epoch 63: val_mse=0.001952
scaled_average_seed4 epoch 64: val_mse=0.001954
scaled_average_seed4 epoch 65: val_mse=0.001915
scaled_average_seed4 epoch 66: val_mse=0.001856
scaled_average_seed4 epoch 67: val_mse=0.001947
scaled_average_seed4 epoch 68: val_mse=0.001902
scaled_average_seed4 epoch 69: val_mse=0.002037
scaled_average_seed4 epoch 70: val_mse=0.001901
scaled_average_seed4 epoch 71: val_mse=0.001873
scaled_average_seed4 epoch 72: val_mse=0.001826
scaled_average_seed4 epoch 73: val_mse=0.001811
scaled_average_seed4 epoch 74: val_mse=0.001872
scaled_average_seed4 epoch 75: val_mse=0.001880
scaled_average_seed4 epoch 76: val_mse=0.001850
scaled_average_seed4 epoch 77: val_mse=0.001887
scaled_average_seed4 epoch 78: val_mse=0.001890
scaled_average_seed4 epoch 79: val_mse=0.001833
scaled_average_seed4 epoch 80: val_mse=0.001839
scaled_average_seed4 epoch 81: val_mse=0.001895
scaled_average_seed4 epoch 82: val_mse=0.001884
scaled_average_seed4 epoch 83: val_mse=0.001826
scaled_average_seed4 epoch 84: val_mse=0.001846
scaled_average_seed4 epoch 85: val_mse=0.001918
scaled_average_seed4 epoch 86: val_mse=0.001964
scaled_average_seed4 epoch 87: val_mse=0.001873
scaled_average_seed4 epoch 88: val_mse=0.002127
scaled_average_seed4: {'n': 934, 'mae': 0.6103515625, 'rmse': 0.810702919960022, 'persistence_mae': 0.6743367843264141}
scaled_global_seed4 epoch 1: val_mse=0.006601
scaled_global_seed4 epoch 2: val_mse=0.005510
scaled_global_seed4 epoch 3: val_mse=0.007234
scaled_global_seed4 epoch 4: val_mse=0.006193
scaled_global_seed4 epoch 5: val_mse=0.007060
scaled_global_seed4 epoch 6: val_mse=0.005763
scaled_global_seed4 epoch 7: val_mse=0.005229
scaled_global_seed4 epoch 8: val_mse=0.005565
scaled_global_seed4 epoch 9: val_mse=0.005685
scaled_global_seed4 epoch 10: val_mse=0.005239
scaled_global_seed4 epoch 11: val_mse=0.005218
scaled_global_seed4 epoch 12: val_mse=0.005179
scaled_global_seed4 epoch 13: val_mse=0.005621
scaled_global_seed4 epoch 14: val_mse=0.005345
scaled_global_seed4 epoch 15: val_mse=0.005235
scaled_global_seed4 epoch 16: val_mse=0.005262
scaled_global_seed4 epoch 17: val_mse=0.005347
scaled_global_seed4 epoch 18: val_mse=0.004984
scaled_global_seed4 epoch 19: val_mse=0.005053
scaled_global_seed4 epoch 20: val_mse=0.005185
scaled_global_seed4 epoch 21: val_mse=0.005910
scaled_global_seed4 epoch 22: val_mse=0.005809
scaled_global_seed4 epoch 23: val_mse=0.005249
scaled_global_seed4 epoch 24: val_mse=0.004705
scaled_global_seed4 epoch 25: val_mse=0.004472
scaled_global_seed4 epoch 26: val_mse=0.004076
scaled_global_seed4 epoch 27: val_mse=0.003794
scaled_global_seed4 epoch 28: val_mse=0.003820
scaled_global_seed4 epoch 29: val_mse=0.003315
scaled_global_seed4 epoch 30: val_mse=0.002667
scaled_global_seed4 epoch 31: val_mse=0.002769
scaled_global_seed4 epoch 32: val_mse=0.002502
scaled_global_seed4 epoch 33: val_mse=0.002481
scaled_global_seed4 epoch 34: val_mse=0.002240
scaled_global_seed4 epoch 35: val_mse=0.002516
scaled_global_seed4 epoch 36: val_mse=0.002654
scaled_global_seed4 epoch 37: val_mse=0.002190
scaled_global_seed4 epoch 38: val_mse=0.002406
scaled_global_seed4 epoch 39: val_mse=0.002181
scaled_global_seed4 epoch 40: val_mse=0.002025
scaled_global_seed4 epoch 41: val_mse=0.002004
scaled_global_seed4 epoch 42: val_mse=0.002059
scaled_global_seed4 epoch 43: val_mse=0.002077
scaled_global_seed4 epoch 44: val_mse=0.001962
scaled_global_seed4 epoch 45: val_mse=0.001922
scaled_global_seed4 epoch 46: val_mse=0.002210
scaled_global_seed4 epoch 47: val_mse=0.002315
scaled_global_seed4 epoch 48: val_mse=0.001935
scaled_global_seed4 epoch 49: val_mse=0.001946
scaled_global_seed4 epoch 50: val_mse=0.002050
scaled_global_seed4 epoch 51: val_mse=0.001980
scaled_global_seed4 epoch 52: val_mse=0.001938
scaled_global_seed4 epoch 53: val_mse=0.001930
scaled_global_seed4 epoch 54: val_mse=0.001883
scaled_global_seed4 epoch 55: val_mse=0.001904
scaled_global_seed4 epoch 56: val_mse=0.001939
scaled_global_seed4 epoch 57: val_mse=0.001955
scaled_global_seed4 epoch 58: val_mse=0.001938
scaled_global_seed4 epoch 59: val_mse=0.001926
scaled_global_seed4 epoch 60: val_mse=0.002000
scaled_global_seed4 epoch 61: val_mse=0.001860
scaled_global_seed4 epoch 62: val_mse=0.001967
scaled_global_seed4 epoch 63: val_mse=0.001919
scaled_global_seed4 epoch 64: val_mse=0.001944
scaled_global_seed4 epoch 65: val_mse=0.001883
scaled_global_seed4 epoch 66: val_mse=0.001859
scaled_global_seed4 epoch 67: val_mse=0.001999
scaled_global_seed4 epoch 68: val_mse=0.001936
scaled_global_seed4 epoch 69: val_mse=0.001999
scaled_global_seed4 epoch 70: val_mse=0.001965
scaled_global_seed4 epoch 71: val_mse=0.001880
scaled_global_seed4 epoch 72: val_mse=0.001845
scaled_global_seed4 epoch 73: val_mse=0.001818
scaled_global_seed4 epoch 74: val_mse=0.001888
scaled_global_seed4 epoch 75: val_mse=0.001926
scaled_global_seed4 epoch 76: val_mse=0.001838
scaled_global_seed4 epoch 77: val_mse=0.001953
scaled_global_seed4 epoch 78: val_mse=0.001985
scaled_global_seed4 epoch 79: val_mse=0.001857
scaled_global_seed4 epoch 80: val_mse=0.001823
scaled_global_seed4 epoch 81: val_mse=0.001897
scaled_global_seed4 epoch 82: val_mse=0.001930
scaled_global_seed4 epoch 83: val_mse=0.001851
scaled_global_seed4 epoch 84: val_mse=0.001864
scaled_global_seed4 epoch 85: val_mse=0.001956
scaled_global_seed4 epoch 86: val_mse=0.002007
scaled_global_seed4 epoch 87: val_mse=0.001895
scaled_global_seed4 epoch 88: val_mse=0.002112
scaled_global_seed4: {'n': 934, 'mae': 0.6136784553527832, 'rmse': 0.8120496869087219, 'persistence_mae': 0.6743367843264141}
scaled_seasonal_seed4 epoch 1: val_mse=0.006737
scaled_seasonal_seed4 epoch 2: val_mse=0.005655
scaled_seasonal_seed4 epoch 3: val_mse=0.007245
scaled_seasonal_seed4 epoch 4: val_mse=0.006208
scaled_seasonal_seed4 epoch 5: val_mse=0.007112
scaled_seasonal_seed4 epoch 6: val_mse=0.005761
scaled_seasonal_seed4 epoch 7: val_mse=0.005219
scaled_seasonal_seed4 epoch 8: val_mse=0.005547
scaled_seasonal_seed4 epoch 9: val_mse=0.005663
scaled_seasonal_seed4 epoch 10: val_mse=0.005341
scaled_seasonal_seed4 epoch 11: val_mse=0.005156
scaled_seasonal_seed4 epoch 12: val_mse=0.005210
scaled_seasonal_seed4 epoch 13: val_mse=0.005399
scaled_seasonal_seed4 epoch 14: val_mse=0.005387
scaled_seasonal_seed4 epoch 15: val_mse=0.005126
scaled_seasonal_seed4 epoch 16: val_mse=0.005179
scaled_seasonal_seed4 epoch 17: val_mse=0.005320
scaled_seasonal_seed4 epoch 18: val_mse=0.004855
scaled_seasonal_seed4 epoch 19: val_mse=0.005071
scaled_seasonal_seed4 epoch 20: val_mse=0.005140
scaled_seasonal_seed4 epoch 21: val_mse=0.006224
scaled_seasonal_seed4 epoch 22: val_mse=0.005054
scaled_seasonal_seed4 epoch 23: val_mse=0.004756
scaled_seasonal_seed4 epoch 24: val_mse=0.004470
scaled_seasonal_seed4 epoch 25: val_mse=0.005421
scaled_seasonal_seed4 epoch 26: val_mse=0.003715
scaled_seasonal_seed4 epoch 27: val_mse=0.003670
scaled_seasonal_seed4 epoch 28: val_mse=0.002778
scaled_seasonal_seed4 epoch 29: val_mse=0.003249
scaled_seasonal_seed4 epoch 30: val_mse=0.002587
scaled_seasonal_seed4 epoch 31: val_mse=0.002601
scaled_seasonal_seed4 epoch 32: val_mse=0.002480
scaled_seasonal_seed4 epoch 33: val_mse=0.002451
scaled_seasonal_seed4 epoch 34: val_mse=0.002252
scaled_seasonal_seed4 epoch 35: val_mse=0.002439
scaled_seasonal_seed4 epoch 36: val_mse=0.002675
scaled_seasonal_seed4 epoch 37: val_mse=0.002047
scaled_seasonal_seed4 epoch 38: val_mse=0.002325
scaled_seasonal_seed4 epoch 39: val_mse=0.002253
scaled_seasonal_seed4 epoch 40: val_mse=0.001961
scaled_seasonal_seed4 epoch 41: val_mse=0.001987
scaled_seasonal_seed4 epoch 42: val_mse=0.002140
scaled_seasonal_seed4 epoch 43: val_mse=0.002201
scaled_seasonal_seed4 epoch 44: val_mse=0.002009
scaled_seasonal_seed4 epoch 45: val_mse=0.001933
scaled_seasonal_seed4 epoch 46: val_mse=0.002221
scaled_seasonal_seed4 epoch 47: val_mse=0.002182
scaled_seasonal_seed4 epoch 48: val_mse=0.001873
scaled_seasonal_seed4 epoch 49: val_mse=0.001945
scaled_seasonal_seed4 epoch 50: val_mse=0.001922
scaled_seasonal_seed4 epoch 51: val_mse=0.002161
scaled_seasonal_seed4 epoch 52: val_mse=0.001933
scaled_seasonal_seed4 epoch 53: val_mse=0.001929
scaled_seasonal_seed4 epoch 54: val_mse=0.001981
scaled_seasonal_seed4 epoch 55: val_mse=0.002156
scaled_seasonal_seed4 epoch 56: val_mse=0.001991
scaled_seasonal_seed4 epoch 57: val_mse=0.001933
scaled_seasonal_seed4 epoch 58: val_mse=0.001953
scaled_seasonal_seed4 epoch 59: val_mse=0.001861
scaled_seasonal_seed4 epoch 60: val_mse=0.001932
scaled_seasonal_seed4 epoch 61: val_mse=0.001838
scaled_seasonal_seed4 epoch 62: val_mse=0.001993
scaled_seasonal_seed4 epoch 63: val_mse=0.001873
scaled_seasonal_seed4 epoch 64: val_mse=0.001908
scaled_seasonal_seed4 epoch 65: val_mse=0.001870
scaled_seasonal_seed4 epoch 66: val_mse=0.001854
scaled_seasonal_seed4 epoch 67: val_mse=0.001917
scaled_seasonal_seed4 epoch 68: val_mse=0.001912
scaled_seasonal_seed4 epoch 69: val_mse=0.002031
scaled_seasonal_seed4 epoch 70: val_mse=0.001881
scaled_seasonal_seed4 epoch 71: val_mse=0.001905
scaled_seasonal_seed4 epoch 72: val_mse=0.001879
scaled_seasonal_seed4 epoch 73: val_mse=0.001859
scaled_seasonal_seed4 epoch 74: val_mse=0.001850
scaled_seasonal_seed4 epoch 75: val_mse=0.001888
scaled_seasonal_seed4 epoch 76: val_mse=0.001869
scaled_seasonal_seed4: {'n': 934, 'mae': 0.6097089052200317, 'rmse': 0.8106676340103149, 'persistence_mae': 0.6743367843264141}
interaction_seed5 epoch 1: val_mse=0.006439
interaction_seed5 epoch 2: val_mse=0.006634
interaction_seed5 epoch 3: val_mse=0.006092
interaction_seed5 epoch 4: val_mse=0.008321
interaction_seed5 epoch 5: val_mse=0.005823
interaction_seed5 epoch 6: val_mse=0.005848
interaction_seed5 epoch 7: val_mse=0.005706
interaction_seed5 epoch 8: val_mse=0.005357
interaction_seed5 epoch 9: val_mse=0.005840
interaction_seed5 epoch 10: val_mse=0.006199
interaction_seed5 epoch 11: val_mse=0.006971
interaction_seed5 epoch 12: val_mse=0.005832
interaction_seed5 epoch 13: val_mse=0.006205
interaction_seed5 epoch 14: val_mse=0.005512
interaction_seed5 epoch 15: val_mse=0.004819
interaction_seed5 epoch 16: val_mse=0.004751
interaction_seed5 epoch 17: val_mse=0.004334
interaction_seed5 epoch 18: val_mse=0.003675
interaction_seed5 epoch 19: val_mse=0.003295
interaction_seed5 epoch 20: val_mse=0.004280
interaction_seed5 epoch 21: val_mse=0.003174
interaction_seed5 epoch 22: val_mse=0.003077
interaction_seed5 epoch 23: val_mse=0.002762
interaction_seed5 epoch 24: val_mse=0.002288
interaction_seed5 epoch 25: val_mse=0.002197
interaction_seed5 epoch 26: val_mse=0.002956
interaction_seed5 epoch 27: val_mse=0.002132
interaction_seed5 epoch 28: val_mse=0.002042
interaction_seed5 epoch 29: val_mse=0.002186
interaction_seed5 epoch 30: val_mse=0.002343
interaction_seed5 epoch 31: val_mse=0.002143
interaction_seed5 epoch 32: val_mse=0.002045
interaction_seed5 epoch 33: val_mse=0.002114
interaction_seed5 epoch 34: val_mse=0.002070
interaction_seed5 epoch 35: val_mse=0.001962
interaction_seed5 epoch 36: val_mse=0.002068
interaction_seed5 epoch 37: val_mse=0.002176
interaction_seed5 epoch 38: val_mse=0.002351
interaction_seed5 epoch 39: val_mse=0.002135
interaction_seed5 epoch 40: val_mse=0.001959
interaction_seed5 epoch 41: val_mse=0.001959
interaction_seed5 epoch 42: val_mse=0.002073
interaction_seed5 epoch 43: val_mse=0.001881
interaction_seed5 epoch 44: val_mse=0.002333
interaction_seed5 epoch 45: val_mse=0.001972
interaction_seed5 epoch 46: val_mse=0.001953
interaction_seed5 epoch 47: val_mse=0.002289
interaction_seed5 epoch 48: val_mse=0.002259
interaction_seed5 epoch 49: val_mse=0.001944
interaction_seed5 epoch 50: val_mse=0.002553
interaction_seed5 epoch 51: val_mse=0.001947
interaction_seed5 epoch 52: val_mse=0.001876
interaction_seed5 epoch 53: val_mse=0.001875
interaction_seed5 epoch 54: val_mse=0.001914
interaction_seed5 epoch 55: val_mse=0.001890
interaction_seed5 epoch 56: val_mse=0.001908
interaction_seed5 epoch 57: val_mse=0.001875
interaction_seed5 epoch 58: val_mse=0.001867
interaction_seed5 epoch 59: val_mse=0.001936
interaction_seed5 epoch 60: val_mse=0.001863
interaction_seed5 epoch 61: val_mse=0.001885
interaction_seed5 epoch 62: val_mse=0.002001
interaction_seed5 epoch 63: val_mse=0.001925
interaction_seed5 epoch 64: val_mse=0.001883
interaction_seed5 epoch 65: val_mse=0.001951
interaction_seed5 epoch 66: val_mse=0.001858
interaction_seed5 epoch 67: val_mse=0.001875
interaction_seed5 epoch 68: val_mse=0.002062
interaction_seed5 epoch 69: val_mse=0.001999
interaction_seed5 epoch 70: val_mse=0.002120
interaction_seed5 epoch 71: val_mse=0.001983
interaction_seed5 epoch 72: val_mse=0.001857
interaction_seed5 epoch 73: val_mse=0.001832
interaction_seed5 epoch 74: val_mse=0.001956
interaction_seed5 epoch 75: val_mse=0.001877
interaction_seed5 epoch 76: val_mse=0.001859
interaction_seed5 epoch 77: val_mse=0.001814
interaction_seed5 epoch 78: val_mse=0.001838
interaction_seed5 epoch 79: val_mse=0.001848
interaction_seed5 epoch 80: val_mse=0.001878
interaction_seed5 epoch 81: val_mse=0.001862
interaction_seed5 epoch 82: val_mse=0.002036
interaction_seed5 epoch 83: val_mse=0.001888
interaction_seed5 epoch 84: val_mse=0.001892
interaction_seed5 epoch 85: val_mse=0.001830
interaction_seed5 epoch 86: val_mse=0.001882
interaction_seed5 epoch 87: val_mse=0.001925
interaction_seed5 epoch 88: val_mse=0.001879
interaction_seed5 epoch 89: val_mse=0.001888
interaction_seed5 epoch 90: val_mse=0.001936
interaction_seed5 epoch 91: val_mse=0.001876
interaction_seed5 epoch 92: val_mse=0.001869
interaction_seed5: {'n': 934, 'mae': 0.6098684072494507, 'rmse': 0.8143683075904846, 'persistence_mae': 0.6743367843264141}
joint_seed5 epoch 1: val_mse=0.006219
joint_seed5 epoch 2: val_mse=0.006588
joint_seed5 epoch 3: val_mse=0.006082
joint_seed5 epoch 4: val_mse=0.008484
joint_seed5 epoch 5: val_mse=0.005753
joint_seed5 epoch 6: val_mse=0.005750
joint_seed5 epoch 7: val_mse=0.005652
joint_seed5 epoch 8: val_mse=0.005372
joint_seed5 epoch 9: val_mse=0.005908
joint_seed5 epoch 10: val_mse=0.006088
joint_seed5 epoch 11: val_mse=0.006715
joint_seed5 epoch 12: val_mse=0.005860
joint_seed5 epoch 13: val_mse=0.006351
joint_seed5 epoch 14: val_mse=0.005326
joint_seed5 epoch 15: val_mse=0.004858
joint_seed5 epoch 16: val_mse=0.004847
joint_seed5 epoch 17: val_mse=0.004922
joint_seed5 epoch 18: val_mse=0.004049
joint_seed5 epoch 19: val_mse=0.003736
joint_seed5 epoch 20: val_mse=0.003854
joint_seed5 epoch 21: val_mse=0.003226
joint_seed5 epoch 22: val_mse=0.002988
joint_seed5 epoch 23: val_mse=0.002855
joint_seed5 epoch 24: val_mse=0.002865
joint_seed5 epoch 25: val_mse=0.002477
joint_seed5 epoch 26: val_mse=0.003128
joint_seed5 epoch 27: val_mse=0.002279
joint_seed5 epoch 28: val_mse=0.002027
joint_seed5 epoch 29: val_mse=0.002210
joint_seed5 epoch 30: val_mse=0.002155
joint_seed5 epoch 31: val_mse=0.002224
joint_seed5 epoch 32: val_mse=0.002124
joint_seed5 epoch 33: val_mse=0.002067
joint_seed5 epoch 34: val_mse=0.001958
joint_seed5 epoch 35: val_mse=0.001962
joint_seed5 epoch 36: val_mse=0.002035
joint_seed5 epoch 37: val_mse=0.001998
joint_seed5 epoch 38: val_mse=0.002111
joint_seed5 epoch 39: val_mse=0.002071
joint_seed5 epoch 40: val_mse=0.001920
joint_seed5 epoch 41: val_mse=0.001891
joint_seed5 epoch 42: val_mse=0.001969
joint_seed5 epoch 43: val_mse=0.001969
joint_seed5 epoch 44: val_mse=0.002059
joint_seed5 epoch 45: val_mse=0.001967
joint_seed5 epoch 46: val_mse=0.001889
joint_seed5 epoch 47: val_mse=0.002138
joint_seed5 epoch 48: val_mse=0.002334
joint_seed5 epoch 49: val_mse=0.001896
joint_seed5 epoch 50: val_mse=0.002511
joint_seed5 epoch 51: val_mse=0.001871
joint_seed5 epoch 52: val_mse=0.001836
joint_seed5 epoch 53: val_mse=0.001959
joint_seed5 epoch 54: val_mse=0.001892
joint_seed5 epoch 55: val_mse=0.001828
joint_seed5 epoch 56: val_mse=0.001885
joint_seed5 epoch 57: val_mse=0.002025
joint_seed5 epoch 58: val_mse=0.001899
joint_seed5 epoch 59: val_mse=0.002021
joint_seed5 epoch 60: val_mse=0.001857
joint_seed5 epoch 61: val_mse=0.001851
joint_seed5 epoch 62: val_mse=0.001973
joint_seed5 epoch 63: val_mse=0.001925
joint_seed5 epoch 64: val_mse=0.001862
joint_seed5 epoch 65: val_mse=0.001857
joint_seed5 epoch 66: val_mse=0.001842
joint_seed5 epoch 67: val_mse=0.001837
joint_seed5 epoch 68: val_mse=0.001905
joint_seed5 epoch 69: val_mse=0.001921
joint_seed5 epoch 70: val_mse=0.001933
joint_seed5: {'n': 934, 'mae': 0.6185545921325684, 'rmse': 0.8215593099594116, 'persistence_mae': 0.6743367843264141}
scaled_average_seed5 epoch 1: val_mse=0.006439
scaled_average_seed5 epoch 2: val_mse=0.006633
scaled_average_seed5 epoch 3: val_mse=0.006090
scaled_average_seed5 epoch 4: val_mse=0.008369
scaled_average_seed5 epoch 5: val_mse=0.005819
scaled_average_seed5 epoch 6: val_mse=0.005836
scaled_average_seed5 epoch 7: val_mse=0.005706
scaled_average_seed5 epoch 8: val_mse=0.005358
scaled_average_seed5 epoch 9: val_mse=0.005918
scaled_average_seed5 epoch 10: val_mse=0.006167
scaled_average_seed5 epoch 11: val_mse=0.007085
scaled_average_seed5 epoch 12: val_mse=0.005918
scaled_average_seed5 epoch 13: val_mse=0.006209
scaled_average_seed5 epoch 14: val_mse=0.005453
scaled_average_seed5 epoch 15: val_mse=0.004946
scaled_average_seed5 epoch 16: val_mse=0.005185
scaled_average_seed5 epoch 17: val_mse=0.005526
scaled_average_seed5 epoch 18: val_mse=0.004483
scaled_average_seed5 epoch 19: val_mse=0.003887
scaled_average_seed5 epoch 20: val_mse=0.003887
scaled_average_seed5 epoch 21: val_mse=0.003795
scaled_average_seed5 epoch 22: val_mse=0.003571
scaled_average_seed5 epoch 23: val_mse=0.003123
scaled_average_seed5 epoch 24: val_mse=0.002665
scaled_average_seed5 epoch 25: val_mse=0.002477
scaled_average_seed5 epoch 26: val_mse=0.002999
scaled_average_seed5 epoch 27: val_mse=0.002839
scaled_average_seed5 epoch 28: val_mse=0.002230
scaled_average_seed5 epoch 29: val_mse=0.002614
scaled_average_seed5 epoch 30: val_mse=0.002491
scaled_average_seed5 epoch 31: val_mse=0.002242
scaled_average_seed5 epoch 32: val_mse=0.002178
scaled_average_seed5 epoch 33: val_mse=0.002214
scaled_average_seed5 epoch 34: val_mse=0.002153
scaled_average_seed5 epoch 35: val_mse=0.002010
scaled_average_seed5 epoch 36: val_mse=0.002064
scaled_average_seed5 epoch 37: val_mse=0.002134
scaled_average_seed5 epoch 38: val_mse=0.002148
scaled_average_seed5 epoch 39: val_mse=0.002112
scaled_average_seed5 epoch 40: val_mse=0.001986
scaled_average_seed5 epoch 41: val_mse=0.002014
scaled_average_seed5 epoch 42: val_mse=0.002138
scaled_average_seed5 epoch 43: val_mse=0.001941
scaled_average_seed5 epoch 44: val_mse=0.002205
scaled_average_seed5 epoch 45: val_mse=0.001953
scaled_average_seed5 epoch 46: val_mse=0.001943
scaled_average_seed5 epoch 47: val_mse=0.002321
scaled_average_seed5 epoch 48: val_mse=0.002034
scaled_average_seed5 epoch 49: val_mse=0.001995
scaled_average_seed5 epoch 50: val_mse=0.002519
scaled_average_seed5 epoch 51: val_mse=0.001976
scaled_average_seed5 epoch 52: val_mse=0.001899
scaled_average_seed5 epoch 53: val_mse=0.001889
scaled_average_seed5 epoch 54: val_mse=0.001907
scaled_average_seed5 epoch 55: val_mse=0.001878
scaled_average_seed5 epoch 56: val_mse=0.001930
scaled_average_seed5 epoch 57: val_mse=0.001915
scaled_average_seed5 epoch 58: val_mse=0.001926
scaled_average_seed5 epoch 59: val_mse=0.001947
scaled_average_seed5 epoch 60: val_mse=0.001868
scaled_average_seed5 epoch 61: val_mse=0.001885
scaled_average_seed5 epoch 62: val_mse=0.001946
scaled_average_seed5 epoch 63: val_mse=0.001919
scaled_average_seed5 epoch 64: val_mse=0.001921
scaled_average_seed5 epoch 65: val_mse=0.001957
scaled_average_seed5 epoch 66: val_mse=0.001905
scaled_average_seed5 epoch 67: val_mse=0.001915
scaled_average_seed5 epoch 68: val_mse=0.001983
scaled_average_seed5 epoch 69: val_mse=0.002013
scaled_average_seed5 epoch 70: val_mse=0.001924
scaled_average_seed5 epoch 71: val_mse=0.002126
scaled_average_seed5 epoch 72: val_mse=0.001893
scaled_average_seed5 epoch 73: val_mse=0.001862
scaled_average_seed5 epoch 74: val_mse=0.001922
scaled_average_seed5 epoch 75: val_mse=0.001930
scaled_average_seed5 epoch 76: val_mse=0.001922
scaled_average_seed5 epoch 77: val_mse=0.001850
scaled_average_seed5 epoch 78: val_mse=0.001880
scaled_average_seed5 epoch 79: val_mse=0.001860
scaled_average_seed5 epoch 80: val_mse=0.001940
scaled_average_seed5 epoch 81: val_mse=0.001896
scaled_average_seed5 epoch 82: val_mse=0.002043
scaled_average_seed5 epoch 83: val_mse=0.001905
scaled_average_seed5 epoch 84: val_mse=0.001953
scaled_average_seed5 epoch 85: val_mse=0.001888
scaled_average_seed5 epoch 86: val_mse=0.001922
scaled_average_seed5 epoch 87: val_mse=0.001926
scaled_average_seed5 epoch 88: val_mse=0.001897
scaled_average_seed5 epoch 89: val_mse=0.001907
scaled_average_seed5 epoch 90: val_mse=0.002005
scaled_average_seed5 epoch 91: val_mse=0.001863
scaled_average_seed5 epoch 92: val_mse=0.001890
scaled_average_seed5: {'n': 934, 'mae': 0.608227014541626, 'rmse': 0.8082199096679688, 'persistence_mae': 0.6743367843264141}
scaled_global_seed5 epoch 1: val_mse=0.006207
scaled_global_seed5 epoch 2: val_mse=0.006658
scaled_global_seed5 epoch 3: val_mse=0.006134
scaled_global_seed5 epoch 4: val_mse=0.008370
scaled_global_seed5 epoch 5: val_mse=0.005822
scaled_global_seed5 epoch 6: val_mse=0.005877
scaled_global_seed5 epoch 7: val_mse=0.005683
scaled_global_seed5 epoch 8: val_mse=0.005365
scaled_global_seed5 epoch 9: val_mse=0.005903
scaled_global_seed5 epoch 10: val_mse=0.006321
scaled_global_seed5 epoch 11: val_mse=0.007017
scaled_global_seed5 epoch 12: val_mse=0.005945
scaled_global_seed5 epoch 13: val_mse=0.006208
scaled_global_seed5 epoch 14: val_mse=0.005524
scaled_global_seed5 epoch 15: val_mse=0.004917
scaled_global_seed5 epoch 16: val_mse=0.005142
scaled_global_seed5 epoch 17: val_mse=0.005501
scaled_global_seed5 epoch 18: val_mse=0.004254
scaled_global_seed5 epoch 19: val_mse=0.003985
scaled_global_seed5 epoch 20: val_mse=0.004212
scaled_global_seed5 epoch 21: val_mse=0.003442
scaled_global_seed5 epoch 22: val_mse=0.002954
scaled_global_seed5 epoch 23: val_mse=0.002878
scaled_global_seed5 epoch 24: val_mse=0.003000
scaled_global_seed5 epoch 25: val_mse=0.002379
scaled_global_seed5 epoch 26: val_mse=0.002696
scaled_global_seed5 epoch 27: val_mse=0.002397
scaled_global_seed5 epoch 28: val_mse=0.002200
scaled_global_seed5 epoch 29: val_mse=0.002174
scaled_global_seed5 epoch 30: val_mse=0.002224
scaled_global_seed5 epoch 31: val_mse=0.002119
scaled_global_seed5 epoch 32: val_mse=0.002130
scaled_global_seed5 epoch 33: val_mse=0.002073
scaled_global_seed5 epoch 34: val_mse=0.002076
scaled_global_seed5 epoch 35: val_mse=0.001971
scaled_global_seed5 epoch 36: val_mse=0.001998
scaled_global_seed5 epoch 37: val_mse=0.002033
scaled_global_seed5 epoch 38: val_mse=0.002119
scaled_global_seed5 epoch 39: val_mse=0.002155
scaled_global_seed5 epoch 40: val_mse=0.001990
scaled_global_seed5 epoch 41: val_mse=0.001961
scaled_global_seed5 epoch 42: val_mse=0.001981
scaled_global_seed5 epoch 43: val_mse=0.001972
scaled_global_seed5 epoch 44: val_mse=0.002115
scaled_global_seed5 epoch 45: val_mse=0.001992
scaled_global_seed5 epoch 46: val_mse=0.001929
scaled_global_seed5 epoch 47: val_mse=0.002073
scaled_global_seed5 epoch 48: val_mse=0.002238
scaled_global_seed5 epoch 49: val_mse=0.001968
scaled_global_seed5 epoch 50: val_mse=0.002388
scaled_global_seed5 epoch 51: val_mse=0.001916
scaled_global_seed5 epoch 52: val_mse=0.001899
scaled_global_seed5 epoch 53: val_mse=0.001960
scaled_global_seed5 epoch 54: val_mse=0.001865
scaled_global_seed5 epoch 55: val_mse=0.001883
scaled_global_seed5 epoch 56: val_mse=0.001956
scaled_global_seed5 epoch 57: val_mse=0.002029
scaled_global_seed5 epoch 58: val_mse=0.001917
scaled_global_seed5 epoch 59: val_mse=0.001987
scaled_global_seed5 epoch 60: val_mse=0.001927
scaled_global_seed5 epoch 61: val_mse=0.001860
scaled_global_seed5 epoch 62: val_mse=0.001896
scaled_global_seed5 epoch 63: val_mse=0.001929
scaled_global_seed5 epoch 64: val_mse=0.001933
scaled_global_seed5 epoch 65: val_mse=0.001903
scaled_global_seed5 epoch 66: val_mse=0.001913
scaled_global_seed5 epoch 67: val_mse=0.001925
scaled_global_seed5 epoch 68: val_mse=0.002227
scaled_global_seed5 epoch 69: val_mse=0.002007
scaled_global_seed5 epoch 70: val_mse=0.001947
scaled_global_seed5 epoch 71: val_mse=0.001992
scaled_global_seed5 epoch 72: val_mse=0.001853
scaled_global_seed5 epoch 73: val_mse=0.001869
scaled_global_seed5 epoch 74: val_mse=0.001911
scaled_global_seed5 epoch 75: val_mse=0.001892
scaled_global_seed5 epoch 76: val_mse=0.001885
scaled_global_seed5 epoch 77: val_mse=0.001821
scaled_global_seed5 epoch 78: val_mse=0.001879
scaled_global_seed5 epoch 79: val_mse=0.001860
scaled_global_seed5 epoch 80: val_mse=0.001905
scaled_global_seed5 epoch 81: val_mse=0.001885
scaled_global_seed5 epoch 82: val_mse=0.001967
scaled_global_seed5 epoch 83: val_mse=0.001921
scaled_global_seed5 epoch 84: val_mse=0.001922
scaled_global_seed5 epoch 85: val_mse=0.001846
scaled_global_seed5 epoch 86: val_mse=0.001872
scaled_global_seed5 epoch 87: val_mse=0.001917
scaled_global_seed5 epoch 88: val_mse=0.001861
scaled_global_seed5 epoch 89: val_mse=0.001895
scaled_global_seed5 epoch 90: val_mse=0.001961
scaled_global_seed5 epoch 91: val_mse=0.001850
scaled_global_seed5 epoch 92: val_mse=0.001857
scaled_global_seed5: {'n': 934, 'mae': 0.6069235801696777, 'rmse': 0.8109415173530579, 'persistence_mae': 0.6743367843264141}
scaled_seasonal_seed5 epoch 1: val_mse=0.006397
scaled_seasonal_seed5 epoch 2: val_mse=0.006646
scaled_seasonal_seed5 epoch 3: val_mse=0.006056
scaled_seasonal_seed5 epoch 4: val_mse=0.008397
scaled_seasonal_seed5 epoch 5: val_mse=0.005816
scaled_seasonal_seed5 epoch 6: val_mse=0.005856
scaled_seasonal_seed5 epoch 7: val_mse=0.005687
scaled_seasonal_seed5 epoch 8: val_mse=0.005361
scaled_seasonal_seed5 epoch 9: val_mse=0.005891
scaled_seasonal_seed5 epoch 10: val_mse=0.006258
scaled_seasonal_seed5 epoch 11: val_mse=0.006938
scaled_seasonal_seed5 epoch 12: val_mse=0.005907
scaled_seasonal_seed5 epoch 13: val_mse=0.006163
scaled_seasonal_seed5 epoch 14: val_mse=0.005552
scaled_seasonal_seed5 epoch 15: val_mse=0.004860
scaled_seasonal_seed5 epoch 16: val_mse=0.005194
scaled_seasonal_seed5 epoch 17: val_mse=0.005135
scaled_seasonal_seed5 epoch 18: val_mse=0.004333
scaled_seasonal_seed5 epoch 19: val_mse=0.003859
scaled_seasonal_seed5 epoch 20: val_mse=0.004264
scaled_seasonal_seed5 epoch 21: val_mse=0.003244
scaled_seasonal_seed5 epoch 22: val_mse=0.002914
scaled_seasonal_seed5 epoch 23: val_mse=0.002813
scaled_seasonal_seed5 epoch 24: val_mse=0.002588
scaled_seasonal_seed5 epoch 25: val_mse=0.002383
scaled_seasonal_seed5 epoch 26: val_mse=0.003159
scaled_seasonal_seed5 epoch 27: val_mse=0.002353
scaled_seasonal_seed5 epoch 28: val_mse=0.002136
scaled_seasonal_seed5 epoch 29: val_mse=0.002525
scaled_seasonal_seed5 epoch 30: val_mse=0.002365
scaled_seasonal_seed5 epoch 31: val_mse=0.002245
scaled_seasonal_seed5 epoch 32: val_mse=0.002102
scaled_seasonal_seed5 epoch 33: val_mse=0.002179
scaled_seasonal_seed5 epoch 34: val_mse=0.002086
scaled_seasonal_seed5 epoch 35: val_mse=0.002010
scaled_seasonal_seed5 epoch 36: val_mse=0.002071
scaled_seasonal_seed5 epoch 37: val_mse=0.002121
scaled_seasonal_seed5 epoch 38: val_mse=0.002261
scaled_seasonal_seed5 epoch 39: val_mse=0.002138
scaled_seasonal_seed5 epoch 40: val_mse=0.002072
scaled_seasonal_seed5 epoch 41: val_mse=0.001951
scaled_seasonal_seed5 epoch 42: val_mse=0.002055
scaled_seasonal_seed5 epoch 43: val_mse=0.001985
scaled_seasonal_seed5 epoch 44: val_mse=0.002230
scaled_seasonal_seed5 epoch 45: val_mse=0.001966
scaled_seasonal_seed5 epoch 46: val_mse=0.001985
scaled_seasonal_seed5 epoch 47: val_mse=0.002157
scaled_seasonal_seed5 epoch 48: val_mse=0.002288
scaled_seasonal_seed5 epoch 49: val_mse=0.001973
scaled_seasonal_seed5 epoch 50: val_mse=0.001983
scaled_seasonal_seed5 epoch 51: val_mse=0.001959
scaled_seasonal_seed5 epoch 52: val_mse=0.001887
scaled_seasonal_seed5 epoch 53: val_mse=0.001891
scaled_seasonal_seed5 epoch 54: val_mse=0.001936
scaled_seasonal_seed5 epoch 55: val_mse=0.001888
scaled_seasonal_seed5 epoch 56: val_mse=0.001918
scaled_seasonal_seed5 epoch 57: val_mse=0.001898
scaled_seasonal_seed5 epoch 58: val_mse=0.001902
scaled_seasonal_seed5 epoch 59: val_mse=0.001940
scaled_seasonal_seed5 epoch 60: val_mse=0.001863
scaled_seasonal_seed5 epoch 61: val_mse=0.001895
scaled_seasonal_seed5 epoch 62: val_mse=0.001994
scaled_seasonal_seed5 epoch 63: val_mse=0.001942
scaled_seasonal_seed5 epoch 64: val_mse=0.001873
scaled_seasonal_seed5 epoch 65: val_mse=0.001981
scaled_seasonal_seed5 epoch 66: val_mse=0.001876
scaled_seasonal_seed5 epoch 67: val_mse=0.001904
scaled_seasonal_seed5 epoch 68: val_mse=0.001959
scaled_seasonal_seed5 epoch 69: val_mse=0.002017
scaled_seasonal_seed5 epoch 70: val_mse=0.001904
scaled_seasonal_seed5 epoch 71: val_mse=0.002114
scaled_seasonal_seed5 epoch 72: val_mse=0.001877
scaled_seasonal_seed5 epoch 73: val_mse=0.001852
scaled_seasonal_seed5 epoch 74: val_mse=0.001907
scaled_seasonal_seed5 epoch 75: val_mse=0.001925
scaled_seasonal_seed5 epoch 76: val_mse=0.001881
scaled_seasonal_seed5 epoch 77: val_mse=0.001844
scaled_seasonal_seed5 epoch 78: val_mse=0.001854
scaled_seasonal_seed5 epoch 79: val_mse=0.001868
scaled_seasonal_seed5 epoch 80: val_mse=0.001919
scaled_seasonal_seed5 epoch 81: val_mse=0.001870
scaled_seasonal_seed5 epoch 82: val_mse=0.002017
scaled_seasonal_seed5 epoch 83: val_mse=0.001879
scaled_seasonal_seed5 epoch 84: val_mse=0.001932
scaled_seasonal_seed5 epoch 85: val_mse=0.001891
scaled_seasonal_seed5 epoch 86: val_mse=0.001909
scaled_seasonal_seed5 epoch 87: val_mse=0.001932
scaled_seasonal_seed5 epoch 88: val_mse=0.001881
scaled_seasonal_seed5 epoch 89: val_mse=0.001912
scaled_seasonal_seed5 epoch 90: val_mse=0.002015
scaled_seasonal_seed5 epoch 91: val_mse=0.001864
scaled_seasonal_seed5 epoch 92: val_mse=0.001879
scaled_seasonal_seed5: {'n': 934, 'mae': 0.606113851070404, 'rmse': 0.8057695627212524, 'persistence_mae': 0.6743367843264141}
